BUS benchmark 28357
origins 1-128/28357, 5 min
origins 129-256/28357, 30 min
origins 385-512/28357, 25 min
origins 769-896/28357, 5 min
origins 1025-1152/28357, 5 min
origins 1281-1408/28357, 5 min
origins 1537-1664/28357, 5 min
origins 1793-1920/28357, 5 min
origins 2049-2176/28357, 20 min
origins 2305-2432/28357, 25 min
origins 2433-2560/28357, 5 min; elapsed 10s, current operation 0s
origins 2561-2688/28357, 30 min
origins 2945-3072/28357, 5 min
origins 3201-3328/28357, 15 min
origins 3457-3584/28357, 20 min
origins 3713-3840/28357, 30 min
origins 3969-4096/28357, 30 min
origins 4225-4352/28357, 30 min
origins 4609-4736/28357, 5 min
origins 4865-4992/28357, 20 min
origins 5121-5248/28357, 25 min; elapsed 20s, current operation 0s
origins 5249-5376/28357, 5 min
origins 5505-5632/28357, 15 min
origins 5761-5888/28357, 30 min
origins 6145-6272/28357, 25 min
origins 6529-6656/28357, 5 min
origins 6785-6912/28357, 25 min
origins 7169-7296/28357, 5 min
origins 7553-7680/28357, 5 min
origins 7809-7936/28357, 30 min
origins 8193-8320/28357, 25 min
origins 8321-8448/28357, 30 min; elapsed 30s, current operation 0s
origins 8577-8704/28357, 10 min
origins 8961-9088/28357, 5 min
origins 9345-9472/28357, 5 min
origins 9601-9728/28357, 30 min
origins 9985-10112/28357, 25 min
origins 10369-10496/28357, 20 min
origins 10753-10880/28357, 20 min
origins 11137-11264/28357, 20 min
origins 11521-11648/28357, 15 min
origins 11905-12032/28357, 10 min
origins 11905-12032/28357, 30 min; elapsed 40s, current operation 0s
origins 12289-12416/28357, 5 min
origins 12673-12800/28357, 5 min
origins 13057-13184/28357, 5 min
origins 13313-13440/28357, 30 min
origins 13697-13824/28357, 25 min
origins 14081-14208/28357, 5 min
origins 14337-14464/28357, 30 min
origins 14721-14848/28357, 5 min
origins 14977-15104/28357, 20 min
origins 15233-15360/28357, 20 min; elapsed 50s, current operation 0s
origins 15361-15488/28357, 5 min
origins 15617-15744/28357, 25 min
origins 16001-16128/28357, 5 min
origins 16257-16384/28357, 15 min
origins 16513-16640/28357, 20 min
origins 16897-17024/28357, 5 min
origins 17153-17280/28357, 30 min
origins 17537-17664/28357, 5 min
origins 17793-17920/28357, 20 min
origins 18049-18176/28357, 30 min
origins 18177-18304/28357, 25 min; elapsed 60s, current operation 0s
origins 18433-18560/28357, 5 min
origins 18561-18688/28357, 30 min
origins 18817-18944/28357, 20 min
origins 19073-19200/28357, 25 min
origins 19457-19584/28357, 5 min
origins 19713-19840/28357, 20 min
origins 20097-20224/28357, 5 min
origins 20353-20480/28357, 30 min
origins 20737-20864/28357, 5 min
origins 20993-21120/28357, 20 min; elapsed 70s, current operation 0s
origins 20993-21120/28357, 30 min
origins 21377-21504/28357, 25 min
origins 21761-21888/28357, 5 min
origins 22017-22144/28357, 25 min
origins 22401-22528/28357, 5 min
origins 22657-22784/28357, 25 min
origins 22913-23040/28357, 30 min
origins 23297-23424/28357, 5 min
origins 23553-23680/28357, 20 min
origins 23809-23936/28357, 25 min
origins 23937-24064/28357, 20 min; elapsed 80s, current operation 0s
origins 24193-24320/28357, 5 min
origins 24449-24576/28357, 5 min
origins 24705-24832/28357, 15 min
origins 24961-25088/28357, 20 min
origins 25217-25344/28357, 25 min
origins 25473-25600/28357, 20 min
origins 25729-25856/28357, 10 min
origins 25985-26112/28357, 5 min
origins 26113-26240/28357, 25 min
origins 26241-26368/28357, 20 min; elapsed 90s, current operation 0s
origins 26369-26496/28357, 5 min
origins 26625-26752/28357, 5 min
origins 26881-27008/28357, 5 min
origins 27009-27136/28357, 30 min
origins 27265-27392/28357, 5 min
origins 27393-27520/28357, 30 min
origins 27649-27776/28357, 25 min
origins 27905-28032/28357, 15 min
origins 28161-28288/28357, 5 min
origins 28289-28357/28357, 25 min; elapsed 100s, current operation 0s
merge 5 min, level 0, batch 1/14
merge 5 min, level 0, batch 6/14
merge 5 min, level 0, batch 11/14
merge 10 min, level 0, batch 1/14
merge 10 min, level 0, batch 6/14
merge 10 min, level 0, batch 12/14
merge 10 min, level 1, batch 1/1; elapsed 110s, current operation 1s
merge 15 min, level 0, batch 1/14
merge 15 min, level 0, batch 4/14
merge 15 min, level 0, batch 10/14
merge 15 min, level 0, batch 14/14
merge 20 min, level 0, batch 1/14
merge 20 min, level 0, batch 4/14
merge 20 min, level 0, batch 10/14
merge 20 min, level 0, batch 13/14; elapsed 120s, current operation 0s
merge 20 min, level 0, batch 14/14
merge 25 min, level 0, batch 1/14
merge 25 min, level 0, batch 4/14
merge 25 min, level 0, batch 9/14
merge 25 min, level 0, batch 13/14
merge 25 min, level 1, batch 1/1
merge 25 min, level 1, batch 1/1; elapsed 130s, current operation 2s
merge 30 min, level 0, batch 1/14
merge 30 min, level 0, batch 3/14
merge 30 min, level 0, batch 7/14
merge 30 min, level 0, batch 11/14
merge 30 min, level 0, batch 14/14
completed in 138.2s; union checkpoint saved
SUCCESS [ '5', '10', '15', '20', '25', '30' ]
