
> idfm-node-backend@1.0.0 map:isochrones:build
> tsx src/transport/isochrones/build-isochrones.ts --all --max-requests 0 --requests-per-minute 6000 --keep-archives

Walking radar: 30754 origins, 30735 cached, 19 pending, at least 4 ORS requests.
Catalog/provider/validation changed: rebuilding scopes from verified origin checkpoints. Older caches are kept but not reused.
Request budget reached; rerun to resume.
Coverage: 30735/30754 requested origins cached; 0 unavailable, 19 not processed.
Combining line line:IDFM:C00001: 31/31 stations.
Combining line line:IDFM:C00003: 28/28 stations.
Combining line line:IDFM:C00004: 37/37 stations.
Combining line line:IDFM:C00006: 26/26 stations.
Combining line line:IDFM:C00007: 20/20 stations.
Combining line line:IDFM:C00009: 21/21 stations.
Combining line line:IDFM:C00010: 11/11 stations.
Combining line line:IDFM:C00011: 17/17 stations.
Combining line line:IDFM:C00012: 16/16 stations.
Combining line line:IDFM:C00014: 18/18 stations.
Combining line line:IDFM:C00015: 10/10 stations.
Combining line line:IDFM:C00016: 39/39 stations.
Combining line line:IDFM:C00017: 14/14 stations.
Combining line line:IDFM:C00018: 29/29 stations.
Combining line line:IDFM:C00019: 12/12 stations.
Combining line line:IDFM:C00020: 20/20 stations.
Combining line line:IDFM:C00021: 14/14 stations.
Combining line line:IDFM:C00024: 7/7 stations.
Combining line line:IDFM:C00025: 20/20 stations.
Combining line line:IDFM:C00026: 14/14 stations.
Combining line line:IDFM:C00027: 24/24 stations.
Combining line line:IDFM:C00028: 17/17 stations.
Combining line line:IDFM:C00029: 41/41 stations.
Combining line line:IDFM:C00030: 14/14 stations.
Combining line line:IDFM:C00031: 52/52 stations.
Combining line line:IDFM:C00032: 43/43 stations.
Combining line line:IDFM:C00033: 19/19 stations.
Combining line line:IDFM:C00034: 34/34 stations.
Combining line line:IDFM:C00038: 25/25 stations.
Combining line line:IDFM:C00039: 4/4 stations.
Combining line line:IDFM:C00040: 8/8 stations.
Combining line line:IDFM:C00042: 29/29 stations.
Combining line line:IDFM:C00043: 22/22 stations.
Combining line line:IDFM:C00046: 13/13 stations.
Combining line line:IDFM:C00048: 9/9 stations.
Combining line line:IDFM:C00049: 15/15 stations.
Combining line line:IDFM:C00050: 35/35 stations.
Combining line line:IDFM:C00051: 11/11 stations.
Combining line line:IDFM:C00052: 17/17 stations.
Combining line line:IDFM:C00054: 36/36 stations.
Combining line line:IDFM:C00057: 26/26 stations.
Combining line line:IDFM:C00060: 23/23 stations.
Combining line line:IDFM:C00061: 7/7 stations.
Combining line line:IDFM:C00062: 45/45 stations.
Combining line line:IDFM:C00064: 45/45 stations.
Combining line line:IDFM:C00066: 16/16 stations.
Combining line line:IDFM:C00068: 18/18 stations.
Combining line line:IDFM:C00069: 9/9 stations.
Combining line line:IDFM:C00070: 24/24 stations.
Combining line line:IDFM:C00072: 7/7 stations.
Combining line line:IDFM:C00073: 29/29 stations.
Combining line line:IDFM:C00074: 44/44 stations.
Combining line line:IDFM:C00075: 28/28 stations.
Combining line line:IDFM:C00076: 8/8 stations.
Combining line line:IDFM:C00078: 11/11 stations.
Combining line line:IDFM:C00079: 13/13 stations.
Combining line line:IDFM:C00082: 16/16 stations.
Combining line line:IDFM:C00083: 23/23 stations.
Combining line line:IDFM:C00084: 25/25 stations.
Combining line line:IDFM:C00085: 18/18 stations.
Combining line line:IDFM:C00086: 18/18 stations.
Combining line line:IDFM:C00087: 23/23 stations.
Combining line line:IDFM:C00089: 15/15 stations.
Combining line line:IDFM:C00090: 36/36 stations.
Combining line line:IDFM:C00092: 20/20 stations.
Combining line line:IDFM:C00093: 12/12 stations.
Combining line line:IDFM:C00094: 12/12 stations.
Combining line line:IDFM:C00097: 15/15 stations.
Combining line line:IDFM:C00098: 14/14 stations.
Combining line line:IDFM:C00100: 29/29 stations.
Combining line line:IDFM:C00101: 14/14 stations.
Combining line line:IDFM:C00102: 8/8 stations.
Combining line line:IDFM:C00103: 15/15 stations.
Combining line line:IDFM:C00104: 9/9 stations.
Combining line line:IDFM:C00105: 33/33 stations.
Combining line line:IDFM:C00106: 16/16 stations.
Combining line line:IDFM:C00107: 14/14 stations.
Combining line line:IDFM:C00108: 13/13 stations.
Combining line line:IDFM:C00109: 22/22 stations.
Combining line line:IDFM:C00110: 16/16 stations.
Combining line line:IDFM:C00111: 25/25 stations.
Combining line line:IDFM:C00112: 33/33 stations.
Combining line line:IDFM:C00113: 24/24 stations.
Combining line line:IDFM:C00114: 18/18 stations.
Combining line line:IDFM:C00115: 13/13 stations.
Combining line line:IDFM:C00116: 19/19 stations.
Combining line line:IDFM:C00117: 20/20 stations.
Combining line line:IDFM:C00118: 43/44 stations.
Combining line line:IDFM:C00119: 56/57 stations.
Combining line line:IDFM:C00120: 11/11 stations.
Combining line line:IDFM:C00121: 14/14 stations.
Combining line line:IDFM:C00122: 18/18 stations.
Combining line line:IDFM:C00124: 34/34 stations.
Combining line line:IDFM:C00125: 28/28 stations.
Combining line line:IDFM:C00126: 30/30 stations.
Combining line line:IDFM:C00128: 26/26 stations.
Combining line line:IDFM:C00129: 16/16 stations.
Combining line line:IDFM:C00130: 26/26 stations.
Combining line line:IDFM:C00137: 31/31 stations.
Combining line line:IDFM:C00138: 33/33 stations.
Combining line line:IDFM:C00139: 14/14 stations.
Combining line line:IDFM:C00140: 17/17 stations.
Combining line line:IDFM:C00141: 15/15 stations.
Combining line line:IDFM:C00142: 20/20 stations.
Combining line line:IDFM:C00143: 40/40 stations.
Combining line line:IDFM:C00144: 16/16 stations.
Combining line line:IDFM:C00145: 15/15 stations.
Combining line line:IDFM:C00149: 18/18 stations.
Combining line line:IDFM:C00150: 25/25 stations.
Combining line line:IDFM:C00151: 7/7 stations.
Combining line line:IDFM:C00153: 10/10 stations.
Combining line line:IDFM:C00154: 19/19 stations.
Combining line line:IDFM:C00156: 22/22 stations.
Combining line line:IDFM:C00157: 23/23 stations.
Combining line line:IDFM:C00158: 20/20 stations.
Combining line line:IDFM:C00159: 24/24 stations.
Combining line line:IDFM:C00160: 14/14 stations.
Combining line line:IDFM:C00161: 17/17 stations.
Combining line line:IDFM:C00162: 19/19 stations.
Combining line line:IDFM:C00163: 20/20 stations.
Combining line line:IDFM:C00164: 21/21 stations.
Combining line line:IDFM:C00165: 25/25 stations.
Combining line line:IDFM:C00166: 20/20 stations.
Combining line line:IDFM:C00167: 12/12 stations.
Combining line line:IDFM:C00168: 13/13 stations.
Combining line line:IDFM:C00170: 25/25 stations.
Combining line line:IDFM:C00171: 19/19 stations.
Combining line line:IDFM:C00172: 25/25 stations.
Combining line line:IDFM:C00173: 28/28 stations.
Combining line line:IDFM:C00175: 32/32 stations.
Combining line line:IDFM:C00176: 15/15 stations.
Combining line line:IDFM:C00177: 18/18 stations.
Combining line line:IDFM:C00178: 15/15 stations.
Combining line line:IDFM:C00179: 12/12 stations.
Combining line line:IDFM:C00180: 21/21 stations.
Combining line line:IDFM:C00181: 15/15 stations.
Combining line line:IDFM:C00182: 28/28 stations.
Combining line line:IDFM:C00183: 22/22 stations.
Combining line line:IDFM:C00184: 20/20 stations.
Combining line line:IDFM:C00187: 11/11 stations.
Combining line line:IDFM:C00189: 40/40 stations.
Combining line line:IDFM:C00191: 52/52 stations.
Combining line line:IDFM:C00194: 25/25 stations.
Combining line line:IDFM:C00196: 15/15 stations.
Combining line line:IDFM:C00197: 27/27 stations.
Combining line line:IDFM:C00198: 40/40 stations.
Combining line line:IDFM:C00199: 14/14 stations.
Combining line line:IDFM:C00200: 17/17 stations.
Combining line line:IDFM:C00201: 28/28 stations.
Combining line line:IDFM:C00202: 14/14 stations.
Combining line line:IDFM:C00203: 40/40 stations.
Combining line line:IDFM:C00204: 45/45 stations.
Combining line line:IDFM:C00205: 15/15 stations.
Combining line line:IDFM:C00206: 11/11 stations.
Combining line line:IDFM:C00207: 14/14 stations.
Combining line line:IDFM:C00208: 13/13 stations.
Combining line line:IDFM:C00209: 42/42 stations.
Combining line line:IDFM:C00211: 11/11 stations.
Combining line line:IDFM:C00213: 43/43 stations.
Combining line line:IDFM:C00214: 40/40 stations.
Combining line line:IDFM:C00216: 44/44 stations.
Combining line line:IDFM:C00217: 16/16 stations.
Combining line line:IDFM:C00218: 14/14 stations.
Combining line line:IDFM:C00219: 19/19 stations.
Combining line line:IDFM:C00220: 16/16 stations.
Combining line line:IDFM:C00221: 16/16 stations.
Combining line line:IDFM:C00223: 11/11 stations.
Combining line line:IDFM:C00224: 29/29 stations.
Combining line line:IDFM:C00225: 19/19 stations.
Combining line line:IDFM:C00226: 13/13 stations.
Combining line line:IDFM:C00228: 28/28 stations.
Combining line line:IDFM:C00229: 8/8 stations.
Combining line line:IDFM:C00230: 13/15 stations.
Combining line line:IDFM:C00231: 11/11 stations.
Combining line line:IDFM:C00232: 16/16 stations.
Combining line line:IDFM:C00233: 21/21 stations.
Combining line line:IDFM:C00234: 16/16 stations.
Combining line line:IDFM:C00235: 8/8 stations.
Combining line line:IDFM:C00236: 12/12 stations.
Combining line line:IDFM:C00237: 9/9 stations.
Combining line line:IDFM:C00238: 16/16 stations.
Combining line line:IDFM:C00239: 20/20 stations.
Combining line line:IDFM:C00240: 17/17 stations.
Combining line line:IDFM:C00241: 16/16 stations.
Combining line line:IDFM:C00242: 11/11 stations.
Combining line line:IDFM:C00243: 19/19 stations.
Combining line line:IDFM:C00244: 8/8 stations.
Combining line line:IDFM:C00245: 36/36 stations.
Combining line line:IDFM:C00246: 20/20 stations.
Combining line line:IDFM:C00247: 29/29 stations.
Combining line line:IDFM:C00248: 31/31 stations.
Combining line line:IDFM:C00250: 17/17 stations.
Combining line line:IDFM:C00251: 11/11 stations.
Combining line line:IDFM:C00252: 25/25 stations.
Combining line line:IDFM:C00253: 14/14 stations.
Combining line line:IDFM:C00254: 28/28 stations.
Combining line line:IDFM:C00260: 32/32 stations.
Combining line line:IDFM:C00261: 18/18 stations.
Combining line line:IDFM:C00262: 21/21 stations.
Combining line line:IDFM:C00263: 7/7 stations.
Combining line line:IDFM:C00264: 22/22 stations.
Combining line line:IDFM:C00265: 43/43 stations.
Combining line line:IDFM:C00267: 21/21 stations.
Combining line line:IDFM:C00270: 20/20 stations.
Combining line line:IDFM:C00271: 37/37 stations.
Combining line line:IDFM:C00272: 12/12 stations.
Combining line line:IDFM:C00273: 11/11 stations.
Combining line line:IDFM:C00274: 33/33 stations.
Combining line line:IDFM:C00275: 56/56 stations.
Combining line line:IDFM:C00276: 24/24 stations.
Combining line line:IDFM:C00279: 33/33 stations.
Combining line line:IDFM:C00280: 5/5 stations.
Combining line line:IDFM:C00281: 30/30 stations.
Combining line line:IDFM:C00285: 9/9 stations.
Combining line line:IDFM:C00286: 25/25 stations.
Combining line line:IDFM:C00287: 25/25 stations.
Combining line line:IDFM:C00288: 58/58 stations.
Combining line line:IDFM:C00292: 31/31 stations.
Combining line line:IDFM:C00294: 15/15 stations.
Combining line line:IDFM:C00295: 35/35 stations.
Combining line line:IDFM:C00297: 23/23 stations.
Combining line line:IDFM:C00298: 29/29 stations.
Combining line line:IDFM:C00299: 21/21 stations.
Combining line line:IDFM:C00301: 29/29 stations.
Combining line line:IDFM:C00302: 18/18 stations.
Combining line line:IDFM:C00303: 14/14 stations.
Combining line line:IDFM:C00304: 39/39 stations.
Combining line line:IDFM:C00305: 28/28 stations.
Combining line line:IDFM:C00306: 34/34 stations.
Combining line line:IDFM:C00307: 36/37 stations.
Combining line line:IDFM:C00308: 15/15 stations.
Combining line line:IDFM:C00309: 9/9 stations.
Combining line line:IDFM:C00310: 9/9 stations.
Combining line line:IDFM:C00311: 13/13 stations.
Combining line line:IDFM:C00312: 18/18 stations.
Combining line line:IDFM:C00315: 16/16 stations.
Combining line line:IDFM:C00316: 15/15 stations.
Combining line line:IDFM:C00317: 21/21 stations.
Combining line line:IDFM:C00319: 23/23 stations.
Combining line line:IDFM:C00322: 8/8 stations.
Combining line line:IDFM:C00323: 23/23 stations.
Combining line line:IDFM:C00324: 47/47 stations.
Combining line line:IDFM:C00325: 32/32 stations.
Combining line line:IDFM:C00327: 45/45 stations.
Combining line line:IDFM:C00328: 17/17 stations.
Combining line line:IDFM:C00330: 22/22 stations.
Combining line line:IDFM:C00332: 19/19 stations.
Combining line line:IDFM:C00334: 10/10 stations.
Combining line line:IDFM:C00335: 23/23 stations.
Combining line line:IDFM:C00336: 12/12 stations.
Combining line line:IDFM:C00337: 14/14 stations.
Combining line line:IDFM:C00339: 29/29 stations.
Combining line line:IDFM:C00340: 18/18 stations.
Combining line line:IDFM:C00341: 24/24 stations.
Combining line line:IDFM:C00342: 27/27 stations.
Combining line line:IDFM:C00343: 23/23 stations.
Combining line line:IDFM:C00344: 18/18 stations.
Combining line line:IDFM:C00345: 18/18 stations.
Combining line line:IDFM:C00346: 15/15 stations.
Combining line line:IDFM:C00350: 39/39 stations.
Combining line line:IDFM:C00355: 12/12 stations.
Combining line line:IDFM:C00356: 33/33 stations.
Combining line line:IDFM:C00358: 28/28 stations.
Combining line line:IDFM:C00363: 12/12 stations.
Combining line line:IDFM:C00364: 30/30 stations.
Combining line line:IDFM:C00365: 42/42 stations.
Combining line line:IDFM:C00366: 35/35 stations.
Combining line line:IDFM:C00367: 8/8 stations.
Combining line line:IDFM:C00374: 18/18 stations.
Combining line line:IDFM:C00376: 30/30 stations.
Combining line line:IDFM:C00378: 13/13 stations.
Combining line line:IDFM:C00379: 27/27 stations.
Combining line line:IDFM:C00380: 22/22 stations.
Combining line line:IDFM:C00382: 25/25 stations.
Combining line line:IDFM:C00385: 34/34 stations.
Combining line line:IDFM:C00386: 20/20 stations.
Combining line line:IDFM:C00387: 30/30 stations.
Combining line line:IDFM:C00388: 19/19 stations.
Combining line line:IDFM:C00389: 10/10 stations.
Combining line line:IDFM:C00391: 16/16 stations.
Combining line line:IDFM:C00392: 31/31 stations.
Combining line line:IDFM:C00393: 22/22 stations.
Combining line line:IDFM:C00394: 33/34 stations.
Combining line line:IDFM:C00395: 33/33 stations.
Combining line line:IDFM:C00399: 16/16 stations.
Combining line line:IDFM:C00400: 12/12 stations.
Combining line line:IDFM:C00401: 35/35 stations.
Combining line line:IDFM:C00402: 29/29 stations.
Combining line line:IDFM:C00403: 26/26 stations.
Combining line line:IDFM:C00408: 30/30 stations.
Combining line line:IDFM:C00409: 20/20 stations.
Combining line line:IDFM:C00410: 9/9 stations.
Combining line line:IDFM:C00411: 17/17 stations.
Combining line line:IDFM:C00413: 15/15 stations.
Combining line line:IDFM:C00414: 46/46 stations.
Combining line line:IDFM:C00416: 12/12 stations.
Combining line line:IDFM:C00418: 22/22 stations.
Combining line line:IDFM:C00420: 28/28 stations.
Combining line line:IDFM:C00421: 27/27 stations.
Combining line line:IDFM:C00422: 50/50 stations.
Combining line line:IDFM:C00423: 45/45 stations.
Combining line line:IDFM:C00424: 63/63 stations.
Combining line line:IDFM:C00425: 14/14 stations.
Combining line line:IDFM:C00426: 42/42 stations.
Combining line line:IDFM:C00436: 15/15 stations.
Combining line line:IDFM:C00437: 38/38 stations.
Combining line line:IDFM:C00442: 20/20 stations.
Combining line line:IDFM:C00443: 13/13 stations.
Combining line line:IDFM:C00444: 19/19 stations.
Combining line line:IDFM:C00445: 15/15 stations.
Combining line line:IDFM:C00446: 12/12 stations.
Combining line line:IDFM:C00447: 10/10 stations.
Combining line line:IDFM:C00448: 14/14 stations.
Combining line line:IDFM:C00451: 18/18 stations.
Combining line line:IDFM:C00452: 22/22 stations.
Combining line line:IDFM:C00454: 21/21 stations.
Combining line line:IDFM:C00455: 5/5 stations.
Combining line line:IDFM:C00456: 26/26 stations.
Combining line line:IDFM:C00458: 20/20 stations.
Combining line line:IDFM:C00459: 11/11 stations.
Combining line line:IDFM:C00460: 5/5 stations.
Combining line line:IDFM:C00461: 17/17 stations.
Combining line line:IDFM:C00462: 23/23 stations.
Combining line line:IDFM:C00463: 13/13 stations.
Combining line line:IDFM:C00464: 9/9 stations.
Combining line line:IDFM:C00465: 19/19 stations.
Combining line line:IDFM:C00466: 15/15 stations.
Combining line line:IDFM:C00467: 5/5 stations.
Combining line line:IDFM:C00471: 15/15 stations.
Combining line line:IDFM:C00472: 26/26 stations.
Combining line line:IDFM:C00473: 27/27 stations.
Combining line line:IDFM:C00476: 31/31 stations.
Combining line line:IDFM:C00477: 7/7 stations.
Combining line line:IDFM:C00478: 8/8 stations.
Combining line line:IDFM:C00479: 10/10 stations.
Combining line line:IDFM:C00480: 16/16 stations.
Combining line line:IDFM:C00481: 20/20 stations.
Combining line line:IDFM:C00484: 24/24 stations.
Combining line line:IDFM:C00485: 32/32 stations.
Combining line line:IDFM:C00486: 11/11 stations.
Combining line line:IDFM:C00487: 15/15 stations.
Combining line line:IDFM:C00488: 7/7 stations.
Combining line line:IDFM:C00489: 49/49 stations.
Combining line line:IDFM:C00490: 27/27 stations.
Combining line line:IDFM:C00494: 15/15 stations.
Combining line line:IDFM:C00495: 26/26 stations.
Combining line line:IDFM:C00497: 9/9 stations.
Combining line line:IDFM:C00498: 16/16 stations.
Combining line line:IDFM:C00500: 26/26 stations.
Combining line line:IDFM:C00502: 24/24 stations.
Combining line line:IDFM:C00503: 24/24 stations.
Combining line line:IDFM:C00504: 38/38 stations.
Combining line line:IDFM:C00505: 6/6 stations.
Combining line line:IDFM:C00506: 9/9 stations.
Combining line line:IDFM:C00507: 13/13 stations.
Combining line line:IDFM:C00508: 15/15 stations.
Combining line line:IDFM:C00509: 7/7 stations.
Combining line line:IDFM:C00510: 12/12 stations.
Combining line line:IDFM:C00511: 5/5 stations.
Combining line line:IDFM:C00512: 15/15 stations.
Combining line line:IDFM:C00513: 10/10 stations.
Combining line line:IDFM:C00514: 9/9 stations.
Combining line line:IDFM:C00515: 16/16 stations.
Combining line line:IDFM:C00516: 24/24 stations.
Combining line line:IDFM:C00517: 20/20 stations.
Combining line line:IDFM:C00518: 17/17 stations.
Combining line line:IDFM:C00519: 23/23 stations.
Combining line line:IDFM:C00520: 14/14 stations.
Combining line line:IDFM:C00521: 14/14 stations.
Combining line line:IDFM:C00522: 24/24 stations.
Combining line line:IDFM:C00523: 24/24 stations.
Combining line line:IDFM:C00524: 8/8 stations.
Combining line line:IDFM:C00525: 10/10 stations.
Combining line line:IDFM:C00527: 33/33 stations.
Combining line line:IDFM:C00530: 17/17 stations.
Combining line line:IDFM:C00531: 16/16 stations.
Combining line line:IDFM:C00532: 25/25 stations.
Combining line line:IDFM:C00533: 19/19 stations.
Combining line line:IDFM:C00535: 33/33 stations.
Combining line line:IDFM:C00536: 34/34 stations.
Combining line line:IDFM:C00537: 25/25 stations.
Combining line line:IDFM:C00538: 21/21 stations.
Combining line line:IDFM:C00539: 12/12 stations.
Combining line line:IDFM:C00540: 30/30 stations.
Combining line line:IDFM:C00541: 37/37 stations.
Combining line line:IDFM:C00542: 21/21 stations.
Combining line line:IDFM:C00543: 32/32 stations.
Combining line line:IDFM:C00544: 29/29 stations.
Combining line line:IDFM:C00545: 27/27 stations.
Combining line line:IDFM:C00546: 18/18 stations.
Combining line line:IDFM:C00547: 16/16 stations.
Combining line line:IDFM:C00548: 52/52 stations.
Combining line line:IDFM:C00550: 37/37 stations.
Combining line line:IDFM:C00551: 36/36 stations.
Combining line line:IDFM:C00552: 29/29 stations.
Combining line line:IDFM:C00553: 37/37 stations.
Combining line line:IDFM:C00554: 19/19 stations.
Combining line line:IDFM:C00555: 17/17 stations.
Combining line line:IDFM:C00556: 29/29 stations.
Combining line line:IDFM:C00557: 29/29 stations.
Combining line line:IDFM:C00562: 9/9 stations.
Combining line line:IDFM:C00563: 5/5 stations.
Combining line line:IDFM:C00571: 18/18 stations.
Combining line line:IDFM:C00573: 24/24 stations.
Combining line line:IDFM:C00574: 29/29 stations.
Combining line line:IDFM:C00576: 38/38 stations.
Combining line line:IDFM:C00577: 25/25 stations.
Combining line line:IDFM:C00579: 15/15 stations.
Combining line line:IDFM:C00580: 30/30 stations.
Combining line line:IDFM:C00581: 49/49 stations.
Combining line line:IDFM:C00582: 29/29 stations.
Combining line line:IDFM:C00586: 33/33 stations.
Combining line line:IDFM:C00589: 19/19 stations.
Combining line line:IDFM:C00590: 30/30 stations.
Combining line line:IDFM:C00591: 31/31 stations.
Combining line line:IDFM:C00592: 20/20 stations.
Combining line line:IDFM:C00594: 37/37 stations.
Combining line line:IDFM:C00597: 19/19 stations.
Combining line line:IDFM:C00598: 8/8 stations.
Combining line line:IDFM:C00599: 22/22 stations.
Combining line line:IDFM:C00600: 13/13 stations.
Combining line line:IDFM:C00601: 20/20 stations.
Combining line line:IDFM:C00602: 35/35 stations.
Combining line line:IDFM:C00603: 30/30 stations.
Combining line line:IDFM:C00606: 16/16 stations.
Combining line line:IDFM:C00607: 9/9 stations.
Combining line line:IDFM:C00609: 24/24 stations.
Combining line line:IDFM:C00610: 27/27 stations.
Combining line line:IDFM:C00611: 18/18 stations.
Combining line line:IDFM:C00612: 10/10 stations.
Combining line line:IDFM:C00613: 13/13 stations.
Combining line line:IDFM:C00615: 11/11 stations.
Combining line line:IDFM:C00616: 12/12 stations.
Combining line line:IDFM:C00617: 13/13 stations.
Combining line line:IDFM:C00619: 15/15 stations.
Combining line line:IDFM:C00620: 21/21 stations.
Combining line line:IDFM:C00621: 28/28 stations.
Combining line line:IDFM:C00622: 22/22 stations.
Combining line line:IDFM:C00623: 33/33 stations.
Combining line line:IDFM:C00624: 8/8 stations.
Combining line line:IDFM:C00625: 41/41 stations.
Combining line line:IDFM:C00626: 19/19 stations.
Combining line line:IDFM:C00627: 39/39 stations.
Combining line line:IDFM:C00628: 18/18 stations.
Combining line line:IDFM:C00629: 32/32 stations.
Combining line line:IDFM:C00630: 32/32 stations.
Combining line line:IDFM:C00631: 23/23 stations.
Combining line line:IDFM:C00632: 32/32 stations.
Combining line line:IDFM:C00633: 35/35 stations.
Combining line line:IDFM:C00634: 45/45 stations.
Combining line line:IDFM:C00635: 34/34 stations.
Combining line line:IDFM:C00636: 24/24 stations.
Combining line line:IDFM:C00637: 16/16 stations.
Combining line line:IDFM:C00638: 15/15 stations.
Combining line line:IDFM:C00639: 9/9 stations.
Combining line line:IDFM:C00640: 33/33 stations.
Combining line line:IDFM:C00641: 15/15 stations.
Combining line line:IDFM:C00642: 10/10 stations.
Combining line line:IDFM:C00643: 31/31 stations.
Combining line line:IDFM:C00644: 30/30 stations.
Combining line line:IDFM:C00649: 11/11 stations.
Combining line line:IDFM:C00651: 17/17 stations.
Combining line line:IDFM:C00652: 13/13 stations.
Combining line line:IDFM:C00654: 25/25 stations.
Combining line line:IDFM:C00655: 25/25 stations.
Combining line line:IDFM:C00656: 38/38 stations.
Combining line line:IDFM:C00658: 10/10 stations.
Combining line line:IDFM:C00659: 17/17 stations.
Combining line line:IDFM:C00660: 9/9 stations.
Combining line line:IDFM:C00661: 10/10 stations.
Combining line line:IDFM:C00662: 12/12 stations.
Combining line line:IDFM:C00663: 13/13 stations.
Combining line line:IDFM:C00664: 17/17 stations.
Combining line line:IDFM:C00665: 17/17 stations.
Combining line line:IDFM:C00666: 21/21 stations.
Combining line line:IDFM:C00667: 17/17 stations.
Combining line line:IDFM:C00668: 6/6 stations.
Combining line line:IDFM:C00669: 94/94 stations.
Combining line line:IDFM:C00670: 32/32 stations.
Combining line line:IDFM:C00671: 24/24 stations.
Combining line line:IDFM:C00673: 18/18 stations.
Combining line line:IDFM:C00674: 28/28 stations.
Combining line line:IDFM:C00675: 35/35 stations.
Combining line line:IDFM:C00676: 47/47 stations.
Combining line line:IDFM:C00677: 14/14 stations.
Combining line line:IDFM:C00678: 16/16 stations.
Combining line line:IDFM:C00679: 10/10 stations.
Combining line line:IDFM:C00680: 29/29 stations.
Combining line line:IDFM:C00681: 22/22 stations.
Combining line line:IDFM:C00682: 9/9 stations.
Combining line line:IDFM:C00683: 13/13 stations.
Combining line line:IDFM:C00684: 11/11 stations.
Combining line line:IDFM:C00685: 17/17 stations.
Combining line line:IDFM:C00687: 12/12 stations.
Combining line line:IDFM:C00688: 14/14 stations.
Combining line line:IDFM:C00689: 31/31 stations.
Combining line line:IDFM:C00691: 38/38 stations.
Combining line line:IDFM:C00692: 33/33 stations.
Combining line line:IDFM:C00693: 37/37 stations.
Combining line line:IDFM:C00694: 30/30 stations.
Combining line line:IDFM:C00695: 19/19 stations.
Combining line line:IDFM:C00696: 34/34 stations.
Combining line line:IDFM:C00697: 29/29 stations.
Combining line line:IDFM:C00698: 34/34 stations.
Combining line line:IDFM:C00699: 25/25 stations.
Combining line line:IDFM:C00700: 22/22 stations.
Combining line line:IDFM:C00701: 19/19 stations.
Combining line line:IDFM:C00702: 12/12 stations.
Combining line line:IDFM:C00703: 8/8 stations.
Combining line line:IDFM:C00704: 7/7 stations.
Combining line line:IDFM:C00705: 27/27 stations.
Combining line line:IDFM:C00706: 19/19 stations.
Combining line line:IDFM:C00707: 32/32 stations.
Combining line line:IDFM:C00708: 25/25 stations.
Combining line line:IDFM:C00709: 18/18 stations.
Combining line line:IDFM:C00710: 9/9 stations.
Combining line line:IDFM:C00725: 36/36 stations.
Combining line line:IDFM:C00727: 18/18 stations.
Combining line line:IDFM:C00728: 32/32 stations.
Combining line line:IDFM:C00730: 7/7 stations.
Combining line line:IDFM:C00731: 54/54 stations.
Combining line line:IDFM:C00733: 23/23 stations.
Combining line line:IDFM:C00734: 22/22 stations.
Combining line line:IDFM:C00735: 29/29 stations.
Combining line line:IDFM:C00736: 18/18 stations.
Combining line line:IDFM:C00737: 11/11 stations.
Combining line line:IDFM:C00738: 24/24 stations.
Combining line line:IDFM:C00740: 8/8 stations.
Combining line line:IDFM:C00741: 8/8 stations.
Combining line line:IDFM:C00744: 8/8 stations.
Combining line line:IDFM:C00747: 21/21 stations.
Combining line line:IDFM:C00748: 21/21 stations.
Combining line line:IDFM:C00749: 14/14 stations.
Combining line line:IDFM:C00751: 11/11 stations.
Combining line line:IDFM:C00752: 13/13 stations.
Combining line line:IDFM:C00753: 5/5 stations.
Combining line line:IDFM:C00754: 5/5 stations.
Combining line line:IDFM:C00755: 34/34 stations.
Combining line line:IDFM:C00756: 26/26 stations.
Combining line line:IDFM:C00757: 20/20 stations.
Combining line line:IDFM:C00758: 56/56 stations.
Combining line line:IDFM:C00760: 60/60 stations.
Combining line line:IDFM:C00761: 29/29 stations.
Combining line line:IDFM:C00762: 16/16 stations.
Combining line line:IDFM:C00763: 25/25 stations.
Combining line line:IDFM:C00764: 40/40 stations.
Combining line line:IDFM:C00765: 21/21 stations.
Combining line line:IDFM:C00766: 25/25 stations.
Combining line line:IDFM:C00767: 21/21 stations.
Combining line line:IDFM:C00768: 20/20 stations.
Combining line line:IDFM:C00769: 15/15 stations.
Combining line line:IDFM:C00770: 15/15 stations.
Combining line line:IDFM:C00771: 23/23 stations.
Combining line line:IDFM:C00772: 23/23 stations.
Combining line line:IDFM:C00773: 28/28 stations.
Combining line line:IDFM:C00774: 31/31 stations.
Combining line line:IDFM:C00778: 22/22 stations.
Combining line line:IDFM:C00781: 31/31 stations.
Combining line line:IDFM:C00782: 28/28 stations.
Combining line line:IDFM:C00783: 23/23 stations.
Combining line line:IDFM:C00784: 16/16 stations.
Combining line line:IDFM:C00785: 20/20 stations.
Combining line line:IDFM:C00786: 39/39 stations.
Combining line line:IDFM:C00787: 23/23 stations.
Combining line line:IDFM:C00788: 18/18 stations.
Combining line line:IDFM:C00789: 42/42 stations.
Combining line line:IDFM:C00790: 16/16 stations.
Combining line line:IDFM:C00791: 20/21 stations.
Combining line line:IDFM:C00792: 42/43 stations.
Combining line line:IDFM:C00793: 34/34 stations.
Combining line line:IDFM:C00794: 15/15 stations.
Combining line line:IDFM:C00796: 22/22 stations.
Combining line line:IDFM:C00797: 38/38 stations.
Combining line line:IDFM:C00798: 16/16 stations.
Combining line line:IDFM:C00799: 21/21 stations.
Combining line line:IDFM:C00801: 17/17 stations.
Combining line line:IDFM:C00803: 31/31 stations.
Combining line line:IDFM:C00813: 16/16 stations.
Combining line line:IDFM:C00814: 12/12 stations.
Combining line line:IDFM:C00815: 17/17 stations.
Combining line line:IDFM:C00817: 42/42 stations.
Combining line line:IDFM:C00818: 27/27 stations.
Combining line line:IDFM:C00819: 14/14 stations.
Combining line line:IDFM:C00820: 35/35 stations.
Combining line line:IDFM:C00821: 8/8 stations.
Combining line line:IDFM:C00822: 28/28 stations.
Combining line line:IDFM:C00823: 17/17 stations.
Combining line line:IDFM:C00824: 18/18 stations.
Combining line line:IDFM:C00826: 18/18 stations.
Combining line line:IDFM:C00827: 12/12 stations.
Combining line line:IDFM:C00828: 16/16 stations.
Combining line line:IDFM:C00830: 24/24 stations.
Combining line line:IDFM:C00831: 25/25 stations.
Combining line line:IDFM:C00832: 18/18 stations.
Combining line line:IDFM:C00833: 17/17 stations.
Combining line line:IDFM:C00834: 14/14 stations.
Combining line line:IDFM:C00835: 16/16 stations.
Combining line line:IDFM:C00836: 7/7 stations.
Combining line line:IDFM:C00837: 9/9 stations.
Combining line line:IDFM:C00838: 10/10 stations.
Combining line line:IDFM:C00839: 17/17 stations.
Combining line line:IDFM:C00840: 22/22 stations.
Combining line line:IDFM:C00842: 9/9 stations.
Combining line line:IDFM:C00843: 19/19 stations.
Combining line line:IDFM:C00844: 18/18 stations.
Combining line line:IDFM:C00845: 14/14 stations.
Combining line line:IDFM:C00846: 15/15 stations.
Combining line line:IDFM:C00847: 15/15 stations.
Combining line line:IDFM:C00850: 12/12 stations.
Combining line line:IDFM:C00851: 14/14 stations.
Combining line line:IDFM:C00852: 9/9 stations.
Combining line line:IDFM:C00853: 15/15 stations.
Combining line line:IDFM:C00854: 19/19 stations.
Combining line line:IDFM:C00855: 19/19 stations.
Combining line line:IDFM:C00859: 14/14 stations.
Combining line line:IDFM:C00860: 10/10 stations.
Combining line line:IDFM:C00861: 15/15 stations.
Combining line line:IDFM:C00862: 30/30 stations.
Combining line line:IDFM:C00863: 24/24 stations.
Combining line line:IDFM:C00864: 13/13 stations.
Combining line line:IDFM:C00865: 13/13 stations.
Combining line line:IDFM:C00866: 5/5 stations.
Combining line line:IDFM:C00867: 24/24 stations.
Combining line line:IDFM:C00868: 16/16 stations.
Combining line line:IDFM:C00869: 8/8 stations.
Combining line line:IDFM:C00871: 16/16 stations.
Combining line line:IDFM:C00875: 54/54 stations.
Combining line line:IDFM:C00876: 37/37 stations.
Combining line line:IDFM:C00877: 46/46 stations.
Combining line line:IDFM:C00878: 34/34 stations.
Combining line line:IDFM:C00879: 19/19 stations.
Combining line line:IDFM:C00880: 17/17 stations.
Combining line line:IDFM:C00881: 31/31 stations.
Combining line line:IDFM:C00882: 33/33 stations.
Combining line line:IDFM:C00883: 14/14 stations.
Combining line line:IDFM:C00885: 27/27 stations.
Combining line line:IDFM:C00886: 27/27 stations.
Combining line line:IDFM:C00887: 16/16 stations.
Combining line line:IDFM:C00890: 22/22 stations.
Combining line line:IDFM:C00891: 21/21 stations.
Combining line line:IDFM:C00892: 22/22 stations.
Combining line line:IDFM:C00893: 18/18 stations.
Combining line line:IDFM:C00894: 31/31 stations.
Combining line line:IDFM:C00895: 14/14 stations.
Combining line line:IDFM:C00897: 23/23 stations.
Combining line line:IDFM:C00898: 16/16 stations.
Combining line line:IDFM:C00899: 25/25 stations.
Combining line line:IDFM:C00900: 16/16 stations.
Combining line line:IDFM:C00901: 37/37 stations.
Combining line line:IDFM:C00902: 9/9 stations.
Combining line line:IDFM:C00903: 19/19 stations.
Combining line line:IDFM:C00905: 15/15 stations.
Combining line line:IDFM:C00906: 12/12 stations.
Combining line line:IDFM:C00907: 7/7 stations.
Combining line line:IDFM:C00908: 26/26 stations.
Combining line line:IDFM:C00909: 27/27 stations.
Combining line line:IDFM:C00910: 29/29 stations.
Combining line line:IDFM:C00911: 20/20 stations.
Combining line line:IDFM:C00912: 12/12 stations.
Combining line line:IDFM:C00913: 19/19 stations.
Combining line line:IDFM:C00914: 22/22 stations.
Combining line line:IDFM:C00915: 14/14 stations.
Combining line line:IDFM:C00916: 20/20 stations.
Combining line line:IDFM:C00917: 18/18 stations.
Combining line line:IDFM:C00919: 5/5 stations.
Combining line line:IDFM:C00920: 43/43 stations.
Combining line line:IDFM:C00921: 46/46 stations.
Combining line line:IDFM:C00922: 22/22 stations.
Combining line line:IDFM:C00923: 27/27 stations.
Combining line line:IDFM:C00924: 32/32 stations.
Combining line line:IDFM:C00925: 57/57 stations.
Combining line line:IDFM:C00926: 16/16 stations.
Combining line line:IDFM:C00927: 13/13 stations.
Combining line line:IDFM:C00928: 19/19 stations.
Combining line line:IDFM:C00929: 12/12 stations.
Combining line line:IDFM:C00930: 9/9 stations.
Combining line line:IDFM:C00934: 27/27 stations.
Combining line line:IDFM:C00935: 5/5 stations.
Combining line line:IDFM:C00937: 11/11 stations.
Combining line line:IDFM:C00938: 10/10 stations.
Combining line line:IDFM:C00939: 15/15 stations.
Combining line line:IDFM:C00940: 7/7 stations.
Combining line line:IDFM:C00941: 31/31 stations.
Combining line line:IDFM:C00942: 41/41 stations.
Combining line line:IDFM:C00943: 18/18 stations.
Combining line line:IDFM:C00944: 19/19 stations.
Combining line line:IDFM:C00945: 26/26 stations.
Combining line line:IDFM:C00946: 6/6 stations.
Combining line line:IDFM:C00947: 10/10 stations.
Combining line line:IDFM:C00948: 32/32 stations.
Combining line line:IDFM:C00949: 21/21 stations.
Combining line line:IDFM:C00951: 15/15 stations.
Combining line line:IDFM:C00952: 20/20 stations.
Combining line line:IDFM:C00953: 18/18 stations.
Combining line line:IDFM:C00954: 16/16 stations.
Combining line line:IDFM:C00955: 9/9 stations.
Combining line line:IDFM:C00957: 13/13 stations.
Combining line line:IDFM:C00958: 26/26 stations.
Combining line line:IDFM:C00959: 9/9 stations.
Combining line line:IDFM:C00960: 11/11 stations.
Combining line line:IDFM:C00961: 7/7 stations.
Combining line line:IDFM:C00962: 11/11 stations.
Combining line line:IDFM:C00963: 9/9 stations.
Combining line line:IDFM:C00964: 16/16 stations.
Combining line line:IDFM:C00965: 11/11 stations.
Combining line line:IDFM:C00966: 16/16 stations.
Combining line line:IDFM:C00967: 13/13 stations.
Combining line line:IDFM:C00969: 14/14 stations.
Combining line line:IDFM:C00970: 19/19 stations.
Combining line line:IDFM:C00971: 14/14 stations.
Combining line line:IDFM:C00972: 12/12 stations.
Combining line line:IDFM:C00973: 19/19 stations.
Combining line line:IDFM:C00974: 18/18 stations.
Combining line line:IDFM:C00975: 24/24 stations.
Combining line line:IDFM:C00976: 19/19 stations.
Combining line line:IDFM:C00977: 24/24 stations.
Combining line line:IDFM:C00978: 29/29 stations.
Combining line line:IDFM:C00979: 32/32 stations.
Combining line line:IDFM:C00982: 23/23 stations.
Combining line line:IDFM:C00983: 45/45 stations.
Combining line line:IDFM:C00984: 32/32 stations.
Combining line line:IDFM:C00985: 29/29 stations.
Combining line line:IDFM:C00986: 27/27 stations.
Combining line line:IDFM:C00987: 25/25 stations.
Combining line line:IDFM:C00989: 18/18 stations.
Combining line line:IDFM:C00990: 9/9 stations.
Combining line line:IDFM:C01002: 30/30 stations.
Combining line line:IDFM:C01003: 16/16 stations.
Combining line line:IDFM:C01004: 11/11 stations.
Combining line line:IDFM:C01005: 10/10 stations.
Combining line line:IDFM:C01006: 7/7 stations.
Combining line line:IDFM:C01008: 8/8 stations.
Combining line line:IDFM:C01011: 6/6 stations.
Combining line line:IDFM:C01012: 10/10 stations.
Combining line line:IDFM:C01013: 17/17 stations.
Combining line line:IDFM:C01014: 57/57 stations.
Combining line line:IDFM:C01015: 20/20 stations.
Combining line line:IDFM:C01016: 31/31 stations.
Combining line line:IDFM:C01017: 29/29 stations.
Combining line line:IDFM:C01033: 9/9 stations.
Combining line line:IDFM:C01034: 22/22 stations.
Combining line line:IDFM:C01035: 19/19 stations.
Combining line line:IDFM:C01036: 12/12 stations.
Combining line line:IDFM:C01040: 90/90 stations.
Combining line line:IDFM:C01043: 12/12 stations.
Combining line line:IDFM:C01044: 14/14 stations.
Combining line line:IDFM:C01045: 28/28 stations.
Combining line line:IDFM:C01046: 6/6 stations.
Combining line line:IDFM:C01047: 29/29 stations.
Combining line line:IDFM:C01048: 43/43 stations.
Combining line line:IDFM:C01049: 72/72 stations.
Combining line line:IDFM:C01052: 10/10 stations.
Combining line line:IDFM:C01053: 12/12 stations.
Combining line line:IDFM:C01057: 16/16 stations.
Combining line line:IDFM:C01058: 68/68 stations.
Combining line line:IDFM:C01059: 11/11 stations.
Combining line line:IDFM:C01060: 23/23 stations.
Combining line line:IDFM:C01062: 35/35 stations.
Combining line line:IDFM:C01063: 22/22 stations.
Combining line line:IDFM:C01071: 32/32 stations.
Combining line line:IDFM:C01072: 54/54 stations.
Combining line line:IDFM:C01073: 46/46 stations.
Combining line line:IDFM:C01074: 35/35 stations.
Combining line line:IDFM:C01075: 38/38 stations.
Combining line line:IDFM:C01076: 36/36 stations.
Combining line line:IDFM:C01077: 40/40 stations.
Combining line line:IDFM:C01078: 32/32 stations.
Combining line line:IDFM:C01079: 44/44 stations.
Combining line line:IDFM:C01080: 30/30 stations.
Combining line line:IDFM:C01081: 25/25 stations.
Combining line line:IDFM:C01082: 48/48 stations.
Combining line line:IDFM:C01083: 38/38 stations.
Combining line line:IDFM:C01084: 59/59 stations.
Combining line line:IDFM:C01085: 47/47 stations.
Combining line line:IDFM:C01086: 44/44 stations.
Combining line line:IDFM:C01087: 35/35 stations.
Combining line line:IDFM:C01088: 29/29 stations.
Combining line line:IDFM:C01089: 31/31 stations.
Combining line line:IDFM:C01090: 49/49 stations.
Combining line line:IDFM:C01092: 45/45 stations.
Combining line line:IDFM:C01093: 34/34 stations.
Combining line line:IDFM:C01094: 46/46 stations.
Combining line line:IDFM:C01095: 42/42 stations.
Combining line line:IDFM:C01096: 38/38 stations.
Combining line line:IDFM:C01097: 47/47 stations.
Combining line line:IDFM:C01098: 43/43 stations.
Combining line line:IDFM:C01099: 45/45 stations.
Combining line line:IDFM:C01100: 35/35 stations.
Combining line line:IDFM:C01102: 33/33 stations.
Combining line line:IDFM:C01103: 28/28 stations.
Combining line line:IDFM:C01104: 51/51 stations.
Combining line line:IDFM:C01105: 51/51 stations.
Combining line line:IDFM:C01106: 46/46 stations.
Combining line line:IDFM:C01107: 51/51 stations.
Combining line line:IDFM:C01108: 36/36 stations.
Combining line line:IDFM:C01109: 38/38 stations.
Combining line line:IDFM:C01110: 48/48 stations.
Combining line line:IDFM:C01111: 38/38 stations.
Combining line line:IDFM:C01112: 47/47 stations.
Combining line line:IDFM:C01114: 48/48 stations.
Combining line line:IDFM:C01115: 30/30 stations.
Combining line line:IDFM:C01116: 30/30 stations.
Combining line line:IDFM:C01117: 37/37 stations.
Combining line line:IDFM:C01118: 48/48 stations.
Combining line line:IDFM:C01119: 40/40 stations.
Combining line line:IDFM:C01120: 41/41 stations.
Combining line line:IDFM:C01121: 48/48 stations.
Combining line line:IDFM:C01122: 34/34 stations.
Combining line line:IDFM:C01123: 31/31 stations.
Combining line line:IDFM:C01124: 56/56 stations.
Combining line line:IDFM:C01125: 43/43 stations.
Combining line line:IDFM:C01126: 56/56 stations.
Combining line line:IDFM:C01127: 41/41 stations.
Combining line line:IDFM:C01130: 7/7 stations.
Combining line line:IDFM:C01131: 39/39 stations.
Combining line line:IDFM:C01132: 30/30 stations.
Combining line line:IDFM:C01133: 32/32 stations.
Combining line line:IDFM:C01134: 39/39 stations.
Combining line line:IDFM:C01135: 22/22 stations.
Combining line line:IDFM:C01136: 35/35 stations.
Combining line line:IDFM:C01137: 14/14 stations.
Combining line line:IDFM:C01138: 9/9 stations.
Combining line line:IDFM:C01139: 21/21 stations.
Combining line line:IDFM:C01140: 57/58 stations.
Combining line line:IDFM:C01141: 33/33 stations.
Combining line line:IDFM:C01142: 36/36 stations.
Combining line line:IDFM:C01143: 51/51 stations.
Combining line line:IDFM:C01144: 22/22 stations.
Combining line line:IDFM:C01145: 43/43 stations.
Combining line line:IDFM:C01146: 32/32 stations.
Combining line line:IDFM:C01147: 16/16 stations.
Combining line line:IDFM:C01148: 47/47 stations.
Combining line line:IDFM:C01149: 33/33 stations.
Combining line line:IDFM:C01150: 28/28 stations.
Combining line line:IDFM:C01151: 38/38 stations.
Combining line line:IDFM:C01152: 29/29 stations.
Combining line line:IDFM:C01153: 43/43 stations.
Combining line line:IDFM:C01154: 34/34 stations.
Combining line line:IDFM:C01155: 26/26 stations.
Combining line line:IDFM:C01156: 34/34 stations.
Combining line line:IDFM:C01157: 24/24 stations.
Combining line line:IDFM:C01158: 16/16 stations.
Combining line line:IDFM:C01159: 36/36 stations.
Combining line line:IDFM:C01160: 35/35 stations.
Combining line line:IDFM:C01161: 38/38 stations.
Combining line line:IDFM:C01163: 27/27 stations.
Combining line line:IDFM:C01164: 31/31 stations.
Combining line line:IDFM:C01165: 25/25 stations.
Combining line line:IDFM:C01166: 26/26 stations.
Combining line line:IDFM:C01167: 45/45 stations.
Combining line line:IDFM:C01168: 40/40 stations.
Combining line line:IDFM:C01169: 41/41 stations.
Combining line line:IDFM:C01170: 43/43 stations.
Combining line line:IDFM:C01171: 52/52 stations.
Combining line line:IDFM:C01172: 44/44 stations.
Combining line line:IDFM:C01173: 34/34 stations.
Combining line line:IDFM:C01174: 21/21 stations.
Combining line line:IDFM:C01175: 29/29 stations.
Combining line line:IDFM:C01176: 27/27 stations.
Combining line line:IDFM:C01177: 25/25 stations.
Combining line line:IDFM:C01180: 33/33 stations.
Combining line line:IDFM:C01181: 26/26 stations.
Combining line line:IDFM:C01182: 25/25 stations.
Combining line line:IDFM:C01183: 40/40 stations.
Combining line line:IDFM:C01184: 33/33 stations.
Combining line line:IDFM:C01185: 55/55 stations.
Combining line line:IDFM:C01186: 34/34 stations.
Combining line line:IDFM:C01187: 25/25 stations.
Combining line line:IDFM:C01188: 26/26 stations.
Combining line line:IDFM:C01189: 27/27 stations.
Combining line line:IDFM:C01190: 46/46 stations.
Combining line line:IDFM:C01191: 31/31 stations.
Combining line line:IDFM:C01192: 29/29 stations.
Combining line line:IDFM:C01193: 37/37 stations.
Combining line line:IDFM:C01194: 31/31 stations.
Combining line line:IDFM:C01195: 35/35 stations.
Combining line line:IDFM:C01196: 35/35 stations.
Combining line line:IDFM:C01197: 25/25 stations.
Combining line line:IDFM:C01198: 22/22 stations.
Combining line line:IDFM:C01199: 28/28 stations.
Combining line line:IDFM:C01200: 27/27 stations.
Combining line line:IDFM:C01201: 24/24 stations.
Combining line line:IDFM:C01202: 24/24 stations.
Combining line line:IDFM:C01203: 30/30 stations.
Combining line line:IDFM:C01204: 32/32 stations.
Combining line line:IDFM:C01205: 39/39 stations.
Combining line line:IDFM:C01206: 32/32 stations.
Combining line line:IDFM:C01207: 26/26 stations.
Combining line line:IDFM:C01208: 24/24 stations.
Combining line line:IDFM:C01209: 21/21 stations.
Combining line line:IDFM:C01210: 28/28 stations.
Combining line line:IDFM:C01211: 35/35 stations.
Combining line line:IDFM:C01212: 32/32 stations.
Combining line line:IDFM:C01213: 40/40 stations.
Combining line line:IDFM:C01214: 40/40 stations.
Combining line line:IDFM:C01215: 28/28 stations.
Combining line line:IDFM:C01216: 35/35 stations.
Combining line line:IDFM:C01217: 43/43 stations.
Combining line line:IDFM:C01218: 25/25 stations.
Combining line line:IDFM:C01219: 22/22 stations.
Combining line line:IDFM:C01220: 13/13 stations.
Combining line line:IDFM:C01221: 20/20 stations.
Combining line line:IDFM:C01222: 29/29 stations.
Combining line line:IDFM:C01223: 41/41 stations.
Combining line line:IDFM:C01224: 35/35 stations.
Combining line line:IDFM:C01225: 39/39 stations.
Combining line line:IDFM:C01226: 15/15 stations.
Combining line line:IDFM:C01227: 33/33 stations.
Combining line line:IDFM:C01228: 27/27 stations.
Combining line line:IDFM:C01229: 29/29 stations.
Combining line line:IDFM:C01230: 25/25 stations.
Combining line line:IDFM:C01231: 30/30 stations.
Combining line line:IDFM:C01232: 45/45 stations.
Combining line line:IDFM:C01233: 28/28 stations.
Combining line line:IDFM:C01234: 43/43 stations.
Combining line line:IDFM:C01235: 25/25 stations.
Combining line line:IDFM:C01236: 19/19 stations.
Combining line line:IDFM:C01237: 33/33 stations.
Combining line line:IDFM:C01238: 22/22 stations.
Combining line line:IDFM:C01239: 40/40 stations.
Combining line line:IDFM:C01240: 32/32 stations.
Combining line line:IDFM:C01241: 45/45 stations.
Combining line line:IDFM:C01242: 31/31 stations.
Combining line line:IDFM:C01243: 28/28 stations.
Combining line line:IDFM:C01244: 15/15 stations.
Combining line line:IDFM:C01245: 33/33 stations.
Combining line line:IDFM:C01246: 30/30 stations.
Combining line line:IDFM:C01247: 26/26 stations.
Combining line line:IDFM:C01248: 22/22 stations.
Combining line line:IDFM:C01249: 34/34 stations.
Combining line line:IDFM:C01250: 18/18 stations.
Combining line line:IDFM:C01251: 36/36 stations.
Combining line line:IDFM:C01252: 31/31 stations.
Combining line line:IDFM:C01253: 36/36 stations.
Combining line line:IDFM:C01254: 39/39 stations.
Combining line line:IDFM:C01255: 37/37 stations.
Combining line line:IDFM:C01256: 16/16 stations.
Combining line line:IDFM:C01257: 30/30 stations.
Combining line line:IDFM:C01258: 13/13 stations.
Combining line line:IDFM:C01260: 33/33 stations.
Combining line line:IDFM:C01262: 12/12 stations.
Combining line line:IDFM:C01263: 27/27 stations.
Combining line line:IDFM:C01264: 26/26 stations.
Combining line line:IDFM:C01265: 21/21 stations.
Combining line line:IDFM:C01267: 22/22 stations.
Combining line line:IDFM:C01268: 33/33 stations.
Combining line line:IDFM:C01270: 33/33 stations.
Combining line line:IDFM:C01271: 17/17 stations.
Combining line line:IDFM:C01272: 30/30 stations.
Combining line line:IDFM:C01273: 25/25 stations.
Combining line line:IDFM:C01274: 44/44 stations.
Combining line line:IDFM:C01275: 38/38 stations.
Combining line line:IDFM:C01276: 37/37 stations.
Combining line line:IDFM:C01277: 46/46 stations.
Combining line line:IDFM:C01278: 20/20 stations.
Combining line line:IDFM:C01279: 35/35 stations.
Combining line line:IDFM:C01280: 26/26 stations.
Combining line line:IDFM:C01281: 38/38 stations.
Combining line line:IDFM:C01282: 50/50 stations.
Combining line line:IDFM:C01283: 25/25 stations.
Combining line line:IDFM:C01285: 16/16 stations.
Combining line line:IDFM:C01286: 17/17 stations.
Combining line line:IDFM:C01287: 49/49 stations.
Combining line line:IDFM:C01288: 32/32 stations.
Combining line line:IDFM:C01289: 37/37 stations.
Combining line line:IDFM:C01292: 23/23 stations.
Combining line line:IDFM:C01294: 37/37 stations.
Combining line line:IDFM:C01295: 42/42 stations.
Combining line line:IDFM:C01298: 41/41 stations.
Combining line line:IDFM:C01299: 46/46 stations.
Combining line line:IDFM:C01302: 9/9 stations.
Combining line line:IDFM:C01303: 21/21 stations.
Combining line line:IDFM:C01304: 34/34 stations.
Combining line line:IDFM:C01305: 39/39 stations.
Combining line line:IDFM:C01306: 32/32 stations.
Combining line line:IDFM:C01307: 28/28 stations.
Combining line line:IDFM:C01308: 21/21 stations.
Combining line line:IDFM:C01309: 23/23 stations.
Combining line line:IDFM:C01310: 16/16 stations.
Combining line line:IDFM:C01311: 27/27 stations.
Combining line line:IDFM:C01313: 26/26 stations.
Combining line line:IDFM:C01314: 31/31 stations.
Combining line line:IDFM:C01315: 40/40 stations.
Combining line line:IDFM:C01316: 30/30 stations.
Combining line line:IDFM:C01317: 21/21 stations.
Combining line line:IDFM:C01318: 20/20 stations.
Combining line line:IDFM:C01319: 31/31 stations.
Combining line line:IDFM:C01320: 27/27 stations.
Combining line line:IDFM:C01321: 36/36 stations.
Combining line line:IDFM:C01322: 35/35 stations.
Combining line line:IDFM:C01323: 57/57 stations.
Combining line line:IDFM:C01324: 41/41 stations.
Combining line line:IDFM:C01326: 26/26 stations.
Combining line line:IDFM:C01327: 14/14 stations.
Combining line line:IDFM:C01328: 22/22 stations.
Combining line line:IDFM:C01329: 25/25 stations.
Combining line line:IDFM:C01330: 25/25 stations.
Combining line line:IDFM:C01331: 18/18 stations.
Combining line line:IDFM:C01332: 22/22 stations.
Combining line line:IDFM:C01333: 25/25 stations.
Combining line line:IDFM:C01334: 16/16 stations.
Combining line line:IDFM:C01336: 22/22 stations.
Combining line line:IDFM:C01337: 16/16 stations.
Combining line line:IDFM:C01338: 44/44 stations.
Combining line line:IDFM:C01340: 18/18 stations.
Combining line line:IDFM:C01342: 41/41 stations.
Combining line line:IDFM:C01345: 45/45 stations.
Combining line line:IDFM:C01347: 19/19 stations.
Combining line line:IDFM:C01350: 14/14 stations.
Combining line line:IDFM:C01352: 21/21 stations.
Combining line line:IDFM:C01353: 20/20 stations.
Combining line line:IDFM:C01354: 26/26 stations.
Combining line line:IDFM:C01356: 10/10 stations.
Combining line line:IDFM:C01357: 49/49 stations.
Combining line line:IDFM:C01359: 26/26 stations.
Combining line line:IDFM:C01360: 13/13 stations.
Combining line line:IDFM:C01361: 37/37 stations.
Combining line line:IDFM:C01362: 20/20 stations.
Combining line line:IDFM:C01363: 23/23 stations.
Combining line line:IDFM:C01365: 19/19 stations.
Combining line line:IDFM:C01366: 28/28 stations.
Combining line line:IDFM:C01367: 15/15 stations.
Combining line line:IDFM:C01368: 24/24 stations.
Combining line line:IDFM:C01369: 5/5 stations.
Combining line line:IDFM:C01370: 23/23 stations.
Combining line line:IDFM:C01371: 25/25 stations.
Combining line line:IDFM:C01372: 25/25 stations.
Combining line line:IDFM:C01373: 25/25 stations.
Combining line line:IDFM:C01374: 29/29 stations.
Combining line line:IDFM:C01375: 22/22 stations.
Combining line line:IDFM:C01376: 28/28 stations.
Combining line line:IDFM:C01377: 38/38 stations.
Combining line line:IDFM:C01378: 38/38 stations.
Combining line line:IDFM:C01379: 37/37 stations.
Combining line line:IDFM:C01380: 23/23 stations.
Combining line line:IDFM:C01381: 19/19 stations.
Combining line line:IDFM:C01382: 31/31 stations.
Combining line line:IDFM:C01383: 32/32 stations.
Combining line line:IDFM:C01384: 21/21 stations.
Combining line line:IDFM:C01385: 2/2 stations.
Combining line line:IDFM:C01386: 4/4 stations.
Combining line line:IDFM:C01387: 8/8 stations.
Combining line line:IDFM:C01388: 3/3 stations.
Combining line line:IDFM:C01389: 26/26 stations.
Combining line line:IDFM:C01390: 25/25 stations.
Combining line line:IDFM:C01391: 25/25 stations.
Combining line line:IDFM:C01392: 67/67 stations.
Combining line line:IDFM:C01393: 57/57 stations.
Combining line line:IDFM:C01394: 61/61 stations.
Combining line line:IDFM:C01395: 47/47 stations.
Combining line line:IDFM:C01396: 49/49 stations.
Combining line line:IDFM:C01397: 66/66 stations.
Combining line line:IDFM:C01398: 91/91 stations.
Combining line line:IDFM:C01399: 41/41 stations.
Combining line line:IDFM:C01400: 55/55 stations.
Combining line line:IDFM:C01401: 76/76 stations.
Combining line line:IDFM:C01402: 41/41 stations.
Combining line line:IDFM:C01403: 71/71 stations.
Combining line line:IDFM:C01404: 48/48 stations.
Combining line line:IDFM:C01405: 58/58 stations.
Combining line line:IDFM:C01406: 47/47 stations.
Combining line line:IDFM:C01407: 70/70 stations.
Combining line line:IDFM:C01408: 57/57 stations.
Combining line line:IDFM:C01409: 45/45 stations.
Combining line line:IDFM:C01410: 45/45 stations.
Combining line line:IDFM:C01411: 60/60 stations.
Combining line line:IDFM:C01412: 52/52 stations.
Combining line line:IDFM:C01413: 46/46 stations.
Combining line line:IDFM:C01414: 47/47 stations.
Combining line line:IDFM:C01415: 53/53 stations.
Combining line line:IDFM:C01416: 69/69 stations.
Combining line line:IDFM:C01417: 70/70 stations.
Combining line line:IDFM:C01418: 62/62 stations.
Combining line line:IDFM:C01419: 82/82 stations.
Combining line line:IDFM:C01420: 79/79 stations.
Combining line line:IDFM:C01421: 18/18 stations.
Combining line line:IDFM:C01422: 10/10 stations.
Combining line line:IDFM:C01423: 28/28 stations.
Combining line line:IDFM:C01426: 31/31 stations.
Combining line line:IDFM:C01427: 29/29 stations.
Combining line line:IDFM:C01428: 16/16 stations.
Combining line line:IDFM:C01429: 32/32 stations.
Combining line line:IDFM:C01431: 47/47 stations.
Combining line line:IDFM:C01432: 55/55 stations.
Combining line line:IDFM:C01433: 42/42 stations.
Combining line line:IDFM:C01435: 25/25 stations.
Combining line line:IDFM:C01436: 41/41 stations.
Combining line line:IDFM:C01437: 32/32 stations.
Combining line line:IDFM:C01438: 21/21 stations.
Combining line line:IDFM:C01439: 23/24 stations.
Combining line line:IDFM:C01440: 27/27 stations.
Combining line line:IDFM:C01441: 23/23 stations.
Combining line line:IDFM:C01442: 29/29 stations.
Combining line line:IDFM:C01443: 19/19 stations.
Combining line line:IDFM:C01444: 23/23 stations.
Combining line line:IDFM:C01445: 15/15 stations.
Combining line line:IDFM:C01446: 6/6 stations.
Combining line line:IDFM:C01447: 35/35 stations.
Combining line line:IDFM:C01448: 39/39 stations.
Combining line line:IDFM:C01450: 18/18 stations.
Combining line line:IDFM:C01451: 32/32 stations.
Combining line line:IDFM:C01452: 18/18 stations.
Combining line line:IDFM:C01453: 10/10 stations.
Combining line line:IDFM:C01454: 17/17 stations.
Combining line line:IDFM:C01455: 12/12 stations.
Combining line line:IDFM:C01456: 25/25 stations.
Combining line line:IDFM:C01457: 16/16 stations.
Combining line line:IDFM:C01459: 11/11 stations.
Combining line line:IDFM:C01461: 20/20 stations.
Combining line line:IDFM:C01462: 13/13 stations.
Combining line line:IDFM:C01463: 12/12 stations.
Combining line line:IDFM:C01464: 25/25 stations.
Combining line line:IDFM:C01467: 7/7 stations.
Combining line line:IDFM:C01468: 12/12 stations.
Combining line line:IDFM:C01469: 5/5 stations.
Combining line line:IDFM:C01472: 14/14 stations.
Combining line line:IDFM:C01473: 30/30 stations.
Combining line line:IDFM:C01475: 28/28 stations.
Combining line line:IDFM:C01476: 13/13 stations.
Combining line line:IDFM:C01477: 27/27 stations.
Combining line line:IDFM:C01478: 24/24 stations.
Combining line line:IDFM:C01479: 22/22 stations.
Combining line line:IDFM:C01480: 33/33 stations.
Combining line line:IDFM:C01481: 30/30 stations.
Combining line line:IDFM:C01482: 17/17 stations.
Combining line line:IDFM:C01484: 11/11 stations.
Combining line line:IDFM:C01485: 12/12 stations.
Combining line line:IDFM:C01488: 28/28 stations.
Combining line line:IDFM:C01489: 13/13 stations.
Combining line line:IDFM:C01490: 13/13 stations.
Combining line line:IDFM:C01491: 12/12 stations.
Combining line line:IDFM:C01492: 18/18 stations.
Combining line line:IDFM:C01493: 13/13 stations.
Combining line line:IDFM:C01494: 16/16 stations.
Combining line line:IDFM:C01495: 30/30 stations.
Combining line line:IDFM:C01497: 10/10 stations.
Combining line line:IDFM:C01498: 29/29 stations.
Combining line line:IDFM:C01499: 29/29 stations.
Combining line line:IDFM:C01500: 11/11 stations.
Combining line line:IDFM:C01501: 28/29 stations.
Combining line line:IDFM:C01502: 40/40 stations.
Combining line line:IDFM:C01503: 19/19 stations.
Combining line line:IDFM:C01504: 20/20 stations.
Combining line line:IDFM:C01505: 23/23 stations.
Combining line line:IDFM:C01506: 13/13 stations.
Combining line line:IDFM:C01507: 22/23 stations.
Combining line line:IDFM:C01508: 4/4 stations.
Combining line line:IDFM:C01509: 15/15 stations.
Combining line line:IDFM:C01510: 11/11 stations.
Combining line line:IDFM:C01511: 10/10 stations.
Combining line line:IDFM:C01512: 32/32 stations.
Combining line line:IDFM:C01513: 19/19 stations.
Combining line line:IDFM:C01517: 20/20 stations.
Combining line line:IDFM:C01518: 18/18 stations.
Combining line line:IDFM:C01519: 16/16 stations.
Combining line line:IDFM:C01520: 16/16 stations.
Combining line line:IDFM:C01521: 55/55 stations.
Combining line line:IDFM:C01522: 36/36 stations.
Combining line line:IDFM:C01523: 33/33 stations.
Combining line line:IDFM:C01524: 14/14 stations.
Combining line line:IDFM:C01526: 17/17 stations.
Combining line line:IDFM:C01527: 30/30 stations.
Combining line line:IDFM:C01528: 51/51 stations.
Combining line line:IDFM:C01530: 24/24 stations.
Combining line line:IDFM:C01531: 24/24 stations.
Combining line line:IDFM:C01532: 27/27 stations.
Combining line line:IDFM:C01533: 8/8 stations.
Combining line line:IDFM:C01535: 25/25 stations.
Combining line line:IDFM:C01537: 14/14 stations.
Combining line line:IDFM:C01538: 34/34 stations.
Combining line line:IDFM:C01539: 17/17 stations.
Combining line line:IDFM:C01540: 11/11 stations.
Combining line line:IDFM:C01541: 26/26 stations.
Combining line line:IDFM:C01542: 26/26 stations.
Combining line line:IDFM:C01543: 22/22 stations.
Combining line line:IDFM:C01544: 8/8 stations.
Combining line line:IDFM:C01545: 7/7 stations.
Combining line line:IDFM:C01546: 8/8 stations.
Combining line line:IDFM:C01548: 19/19 stations.
Combining line line:IDFM:C01549: 6/6 stations.
Combining line line:IDFM:C01550: 9/9 stations.
Combining line line:IDFM:C01552: 10/10 stations.
Combining line line:IDFM:C01553: 29/29 stations.
Combining line line:IDFM:C01554: 19/19 stations.
Combining line line:IDFM:C01555: 29/29 stations.
Combining line line:IDFM:C01556: 22/22 stations.
Combining line line:IDFM:C01557: 18/18 stations.
Combining line line:IDFM:C01558: 11/11 stations.
Combining line line:IDFM:C01559: 16/16 stations.
Combining line line:IDFM:C01560: 29/29 stations.
Combining line line:IDFM:C01561: 39/39 stations.
Combining line line:IDFM:C01562: 18/18 stations.
Combining line line:IDFM:C01563: 13/13 stations.
Combining line line:IDFM:C01564: 5/5 stations.
Combining line line:IDFM:C01565: 21/21 stations.
Combining line line:IDFM:C01566: 14/14 stations.
Combining line line:IDFM:C01567: 22/22 stations.
Combining line line:IDFM:C01568: 14/14 stations.
Combining line line:IDFM:C01569: 11/11 stations.
Combining line line:IDFM:C01570: 21/21 stations.
Combining line line:IDFM:C01571: 42/42 stations.
Combining line line:IDFM:C01574: 26/26 stations.
Combining line line:IDFM:C01575: 25/25 stations.
Combining line line:IDFM:C01576: 24/24 stations.
Combining line line:IDFM:C01577: 30/30 stations.
Combining line line:IDFM:C01578: 29/29 stations.
Combining line line:IDFM:C01579: 29/29 stations.
Combining line line:IDFM:C01580: 32/32 stations.
Combining line line:IDFM:C01581: 37/37 stations.
Combining line line:IDFM:C01583: 38/38 stations.
Combining line line:IDFM:C01584: 47/47 stations.
Combining line line:IDFM:C01585: 31/31 stations.
Combining line line:IDFM:C01586: 28/28 stations.
Combining line line:IDFM:C01587: 28/28 stations.
Combining line line:IDFM:C01588: 44/44 stations.
Combining line line:IDFM:C01589: 27/27 stations.
Combining line line:IDFM:C01591: 17/17 stations.
Combining line line:IDFM:C01594: 37/37 stations.
Combining line line:IDFM:C01595: 27/27 stations.
Combining line line:IDFM:C01600: 17/17 stations.
Combining line line:IDFM:C01601: 35/35 stations.
Combining line line:IDFM:C01602: 13/13 stations.
Combining line line:IDFM:C01603: 21/21 stations.
Combining line line:IDFM:C01604: 13/13 stations.
Combining line line:IDFM:C01605: 28/28 stations.
Combining line line:IDFM:C01606: 26/26 stations.
Combining line line:IDFM:C01607: 19/19 stations.
Combining line line:IDFM:C01612: 12/12 stations.
Combining line line:IDFM:C01613: 9/9 stations.
Combining line line:IDFM:C01615: 26/26 stations.
Combining line line:IDFM:C01616: 47/47 stations.
Combining line line:IDFM:C01618: 43/43 stations.
Combining line line:IDFM:C01619: 43/43 stations.
Combining line line:IDFM:C01620: 38/38 stations.
Combining line line:IDFM:C01622: 20/20 stations.
Combining line line:IDFM:C01623: 29/29 stations.
Combining line line:IDFM:C01624: 26/26 stations.
Combining line line:IDFM:C01625: 13/13 stations.
Combining line line:IDFM:C01626: 26/26 stations.
Combining line line:IDFM:C01627: 28/28 stations.
Combining line line:IDFM:C01628: 32/32 stations.
Combining line line:IDFM:C01629: 21/21 stations.
Combining line line:IDFM:C01630: 22/22 stations.
Combining line line:IDFM:C01633: 18/18 stations.
Combining line line:IDFM:C01634: 22/22 stations.
Combining line line:IDFM:C01635: 15/15 stations.
Combining line line:IDFM:C01636: 16/16 stations.
Combining line line:IDFM:C01637: 9/9 stations.
Combining line line:IDFM:C01638: 19/19 stations.
Combining line line:IDFM:C01639: 18/18 stations.
Combining line line:IDFM:C01640: 14/14 stations.
Combining line line:IDFM:C01641: 19/19 stations.
Combining line line:IDFM:C01642: 16/16 stations.
Combining line line:IDFM:C01643: 20/20 stations.
Combining line line:IDFM:C01644: 9/9 stations.
Combining line line:IDFM:C01645: 19/19 stations.
Combining line line:IDFM:C01646: 30/30 stations.
Combining line line:IDFM:C01647: 18/18 stations.
Combining line line:IDFM:C01648: 18/18 stations.
Combining line line:IDFM:C01651: 13/13 stations.
Combining line line:IDFM:C01653: 10/10 stations.
Combining line line:IDFM:C01654: 8/8 stations.
Combining line line:IDFM:C01657: 13/13 stations.
Combining line line:IDFM:C01658: 24/24 stations.
Combining line line:IDFM:C01659: 24/24 stations.
Combining line line:IDFM:C01660: 34/34 stations.
Combining line line:IDFM:C01662: 2/2 stations.
Combining line line:IDFM:C01663: 4/4 stations.
Combining line line:IDFM:C01664: 13/13 stations.
Combining line line:IDFM:C01668: 21/21 stations.
Combining line line:IDFM:C01669: 22/22 stations.
Combining line line:IDFM:C01672: 14/14 stations.
Combining line line:IDFM:C01673: 12/12 stations.
Combining line line:IDFM:C01674: 17/17 stations.
Combining line line:IDFM:C01675: 15/15 stations.
Combining line line:IDFM:C01676: 26/26 stations.
Combining line line:IDFM:C01677: 18/18 stations.
Combining line line:IDFM:C01679: 33/33 stations.
Combining line line:IDFM:C01680: 17/17 stations.
Combining line line:IDFM:C01681: 27/27 stations.
Combining line line:IDFM:C01683: 21/21 stations.
Combining line line:IDFM:C01684: 18/18 stations.
Combining line line:IDFM:C01685: 22/22 stations.
Combining line line:IDFM:C01686: 20/20 stations.
Combining line line:IDFM:C01687: 14/14 stations.
Combining line line:IDFM:C01688: 15/15 stations.
Combining line line:IDFM:C01689: 18/18 stations.
Combining line line:IDFM:C01690: 10/10 stations.
Combining line line:IDFM:C01691: 8/8 stations.
Combining line line:IDFM:C01692: 8/8 stations.
Combining line line:IDFM:C01693: 21/21 stations.
Combining line line:IDFM:C01695: 25/25 stations.
Combining line line:IDFM:C01696: 30/30 stations.
Combining line line:IDFM:C01697: 17/17 stations.
Combining line line:IDFM:C01698: 13/13 stations.
Combining line line:IDFM:C01699: 9/9 stations.
Combining line line:IDFM:C01700: 30/30 stations.
Combining line line:IDFM:C01701: 24/24 stations.
Combining line line:IDFM:C01702: 39/39 stations.
Combining line line:IDFM:C01703: 13/13 stations.
Combining line line:IDFM:C01704: 12/12 stations.
Combining line line:IDFM:C01705: 13/13 stations.
Combining line line:IDFM:C01706: 18/18 stations.
Combining line line:IDFM:C01707: 2/2 stations.
Combining line line:IDFM:C01708: 16/16 stations.
Combining line line:IDFM:C01709: 7/7 stations.
Combining line line:IDFM:C01710: 36/36 stations.
Combining line line:IDFM:C01711: 22/22 stations.
Combining line line:IDFM:C01712: 40/40 stations.
Combining line line:IDFM:C01713: 26/26 stations.
Combining line line:IDFM:C01714: 25/25 stations.
Combining line line:IDFM:C01715: 12/12 stations.
Combining line line:IDFM:C01716: 11/11 stations.
Combining line line:IDFM:C01717: 21/21 stations.
Combining line line:IDFM:C01718: 12/12 stations.
Combining line line:IDFM:C01719: 10/10 stations.
Combining line line:IDFM:C01720: 15/15 stations.
Combining line line:IDFM:C01721: 33/33 stations.
Combining line line:IDFM:C01724: 23/23 stations.
Combining line line:IDFM:C01725: 22/22 stations.
Combining line line:IDFM:C01726: 5/5 stations.
Combining line line:IDFM:C01727: 75/75 stations.
Combining line line:IDFM:C01728: 59/59 stations.
Combining line line:IDFM:C01729: 26/26 stations.
Combining line line:IDFM:C01730: 32/32 stations.
Combining line line:IDFM:C01731: 24/24 stations.
Combining line line:IDFM:C01735: 37/37 stations.
Combining line line:IDFM:C01736: 35/35 stations.
Combining line line:IDFM:C01737: 50/50 stations.
Combining line line:IDFM:C01738: 10/10 stations.
Combining line line:IDFM:C01739: 54/54 stations.
Combining line line:IDFM:C01740: 36/36 stations.
Combining line line:IDFM:C01741: 15/15 stations.
Combining line line:IDFM:C01742: 46/46 stations.
Combining line line:IDFM:C01743: 47/47 stations.
Combining line line:IDFM:C01744: 11/11 stations.
Combining line line:IDFM:C01745: 13/13 stations.
Combining line line:IDFM:C01746: 3/3 stations.
Combining line line:IDFM:C01747: 4/4 stations.
Combining line line:IDFM:C01748: 5/5 stations.
Combining line line:IDFM:C01751: 32/32 stations.
Combining line line:IDFM:C01752: 19/19 stations.
Combining line line:IDFM:C01753: 8/8 stations.
Combining line line:IDFM:C01755: 26/26 stations.
Combining line line:IDFM:C01756: 32/32 stations.
Combining line line:IDFM:C01757: 32/32 stations.
Combining line line:IDFM:C01763: 11/11 stations.
Combining line line:IDFM:C01764: 18/18 stations.
Combining line line:IDFM:C01765: 15/15 stations.
Combining line line:IDFM:C01766: 15/15 stations.
Combining line line:IDFM:C01772: 13/13 stations.
Combining line line:IDFM:C01773: 18/18 stations.
Combining line line:IDFM:C01774: 18/18 stations.
Combining line line:IDFM:C01775: 10/10 stations.
Combining line line:IDFM:C01776: 21/21 stations.
Combining line line:IDFM:C01777: 12/12 stations.
Combining line line:IDFM:C01779: 15/15 stations.
Combining line line:IDFM:C01780: 13/13 stations.
Combining line line:IDFM:C01784: 9/9 stations.
Combining line line:IDFM:C01785: 27/27 stations.
Combining line line:IDFM:C01786: 35/35 stations.
Combining line line:IDFM:C01787: 12/12 stations.
Combining line line:IDFM:C01788: 15/15 stations.
Combining line line:IDFM:C01789: 13/13 stations.
Combining line line:IDFM:C01790: 15/15 stations.
Combining line line:IDFM:C01791: 16/16 stations.
Combining line line:IDFM:C01792: 3/3 stations.
Combining line line:IDFM:C01793: 24/24 stations.
Combining line line:IDFM:C01794: 21/21 stations.
Combining line line:IDFM:C01795: 17/17 stations.
Combining line line:IDFM:C01796: 31/31 stations.
Combining line line:IDFM:C01797: 17/17 stations.
Combining line line:IDFM:C01798: 21/21 stations.
Combining line line:IDFM:C01799: 17/17 stations.
Combining line line:IDFM:C01801: 15/15 stations.
Combining line line:IDFM:C01802: 21/21 stations.
Combining line line:IDFM:C01804: 28/28 stations.
Combining line line:IDFM:C01805: 36/36 stations.
Combining line line:IDFM:C01806: 14/14 stations.
Combining line line:IDFM:C01807: 49/49 stations.
Combining line line:IDFM:C01808: 18/18 stations.
Combining line line:IDFM:C01809: 14/14 stations.
Combining line line:IDFM:C01810: 29/29 stations.
Combining line line:IDFM:C01811: 30/30 stations.
Combining line line:IDFM:C01812: 16/16 stations.
Combining line line:IDFM:C01815: 20/20 stations.
Combining line line:IDFM:C01816: 12/12 stations.
Combining line line:IDFM:C01820: 19/19 stations.
Combining line line:IDFM:C01821: 26/26 stations.
Combining line line:IDFM:C01822: 12/12 stations.
Combining line line:IDFM:C01823: 34/34 stations.
Combining line line:IDFM:C01826: 23/23 stations.
Combining line line:IDFM:C01827: 16/16 stations.
Combining line line:IDFM:C01830: 15/15 stations.
Combining line line:IDFM:C01831: 20/20 stations.
Combining line line:IDFM:C01832: 18/18 stations.
Combining line line:IDFM:C01833: 10/10 stations.
Combining line line:IDFM:C01836: 14/14 stations.
Combining line line:IDFM:C01837: 20/20 stations.
Combining line line:IDFM:C01839: 27/28 stations.
Combining line line:IDFM:C01840: 11/11 stations.
Combining line line:IDFM:C01841: 27/27 stations.
Combining line line:IDFM:C01842: 41/41 stations.
Combining line line:IDFM:C01843: 20/20 stations.
Combining line line:IDFM:C01844: 9/9 stations.
Combining line line:IDFM:C01845: 35/35 stations.
Combining line line:IDFM:C01846: 50/50 stations.
Combining line line:IDFM:C01847: 38/38 stations.
Combining line line:IDFM:C01848: 24/24 stations.
Combining line line:IDFM:C01849: 18/18 stations.
Combining line line:IDFM:C01850: 18/18 stations.
Combining line line:IDFM:C01851: 33/33 stations.
Combining line line:IDFM:C01852: 58/58 stations.
Combining line line:IDFM:C01853: 23/23 stations.
Combining line line:IDFM:C01857: 11/11 stations.
Combining line line:IDFM:C01863: 5/5 stations.
Combining line line:IDFM:C01866: 35/35 stations.
Combining line line:IDFM:C01867: 7/7 stations.
Combining line line:IDFM:C01868: 25/25 stations.
Combining line line:IDFM:C01869: 44/44 stations.
Combining line line:IDFM:C01870: 19/19 stations.
Combining line line:IDFM:C01871: 18/18 stations.
Combining line line:IDFM:C01872: 14/14 stations.
Combining line line:IDFM:C01873: 21/21 stations.
Combining line line:IDFM:C01874: 26/26 stations.
Combining line line:IDFM:C01875: 12/12 stations.
Combining line line:IDFM:C01876: 9/9 stations.
Combining line line:IDFM:C01878: 11/11 stations.
Combining line line:IDFM:C01879: 26/26 stations.
Combining line line:IDFM:C01886: 10/10 stations.
Combining line line:IDFM:C01900: 25/25 stations.
Combining line line:IDFM:C01902: 10/10 stations.
Combining line line:IDFM:C01903: 17/17 stations.
Combining line line:IDFM:C01904: 13/13 stations.
Combining line line:IDFM:C01934: 29/29 stations.
Combining line line:IDFM:C01937: 12/12 stations.
Combining line line:IDFM:C01947: 30/30 stations.
Combining line line:IDFM:C01949: 37/37 stations.
Combining line line:IDFM:C01950: 16/16 stations.
Combining line line:IDFM:C01951: 23/23 stations.
Combining line line:IDFM:C01952: 23/23 stations.
Combining line line:IDFM:C01953: 19/19 stations.
Combining line line:IDFM:C01954: 12/12 stations.
Combining line line:IDFM:C01955: 21/21 stations.
Combining line line:IDFM:C01956: 26/26 stations.
Combining line line:IDFM:C01957: 18/18 stations.
Combining line line:IDFM:C01958: 33/33 stations.
Combining line line:IDFM:C01959: 8/8 stations.
Combining line line:IDFM:C01960: 18/18 stations.
Combining line line:IDFM:C01961: 30/30 stations.
Combining line line:IDFM:C01962: 25/25 stations.
Combining line line:IDFM:C01963: 12/12 stations.
Combining line line:IDFM:C01964: 14/14 stations.
Combining line line:IDFM:C01965: 19/19 stations.
Combining line line:IDFM:C01966: 14/14 stations.
Combining line line:IDFM:C01967: 20/20 stations.
Combining line line:IDFM:C01969: 12/12 stations.
Combining line line:IDFM:C01970: 21/21 stations.
Combining line line:IDFM:C01971: 16/16 stations.
Combining line line:IDFM:C01973: 15/15 stations.
Combining line line:IDFM:C01974: 35/35 stations.
Combining line line:IDFM:C01975: 11/11 stations.
Combining line line:IDFM:C01976: 10/10 stations.
Combining line line:IDFM:C01977: 27/27 stations.
Combining line line:IDFM:C01978: 27/27 stations.
Combining line line:IDFM:C01979: 18/18 stations.
Combining line line:IDFM:C01980: 6/6 stations.
Combining line line:IDFM:C01981: 22/22 stations.
Combining line line:IDFM:C01982: 14/14 stations.
Combining line line:IDFM:C01983: 18/18 stations.
Combining line line:IDFM:C01984: 37/37 stations.
Combining line line:IDFM:C01985: 22/22 stations.
Combining line line:IDFM:C01986: 9/9 stations.
Combining line line:IDFM:C01987: 26/26 stations.
Combining line line:IDFM:C01988: 13/13 stations.
Combining line line:IDFM:C01989: 9/9 stations.
Combining line line:IDFM:C01990: 19/19 stations.
Combining line line:IDFM:C01991: 28/28 stations.
Combining line line:IDFM:C01992: 11/11 stations.
Combining line line:IDFM:C01993: 11/11 stations.
Combining line line:IDFM:C01994: 19/19 stations.
Combining line line:IDFM:C01995: 28/28 stations.
Combining line line:IDFM:C01999: 7/7 stations.
Combining line line:IDFM:C02000: 42/42 stations.
Combining line line:IDFM:C02005: 11/11 stations.
Combining line line:IDFM:C02006: 10/10 stations.
Combining line line:IDFM:C02007: 22/22 stations.
Combining line line:IDFM:C02008: 18/18 stations.
Combining line line:IDFM:C02015: 15/15 stations.
Combining line line:IDFM:C02016: 11/11 stations.
Combining line line:IDFM:C02020: 26/26 stations.
Combining line line:IDFM:C02021: 23/23 stations.
Combining line line:IDFM:C02022: 18/18 stations.
Combining line line:IDFM:C02023: 25/25 stations.
Combining line line:IDFM:C02024: 15/15 stations.
Combining line line:IDFM:C02025: 27/27 stations.
Combining line line:IDFM:C02026: 29/29 stations.
Combining line line:IDFM:C02027: 22/22 stations.
Combining line line:IDFM:C02030: 28/28 stations.
Combining line line:IDFM:C02031: 28/28 stations.
Combining line line:IDFM:C02032: 17/17 stations.
Combining line line:IDFM:C02033: 19/19 stations.
Combining line line:IDFM:C02035: 13/13 stations.
Combining line line:IDFM:C02036: 32/32 stations.
Combining line line:IDFM:C02039: 19/19 stations.
Combining line line:IDFM:C02040: 19/19 stations.
Combining line line:IDFM:C02041: 16/16 stations.
Combining line line:IDFM:C02049: 6/6 stations.
Combining line line:IDFM:C02056: 12/12 stations.
Combining line line:IDFM:C02057: 43/43 stations.
Combining line line:IDFM:C02059: 36/36 stations.
Combining line line:IDFM:C02060: 144/146 stations.
Combining line line:IDFM:C02062: 28/28 stations.
Combining line line:IDFM:C02065: 17/17 stations.
Combining line line:IDFM:C02066: 16/16 stations.
Combining line line:IDFM:C02067: 12/13 stations.
Combining line line:IDFM:C02068: 21/22 stations.
Combining line line:IDFM:C02069: 16/16 stations.
Combining line line:IDFM:C02070: 37/37 stations.
Combining line line:IDFM:C02071: 9/9 stations.
Combining line line:IDFM:C02072: 8/8 stations.
Combining line line:IDFM:C02073: 12/12 stations.
Combining line line:IDFM:C02074: 9/9 stations.
Combining line line:IDFM:C02076: 25/25 stations.
Combining line line:IDFM:C02077: 25/25 stations.
Combining line line:IDFM:C02078: 44/44 stations.
Combining line line:IDFM:C02079: 9/9 stations.
Combining line line:IDFM:C02085: 20/20 stations.
Combining line line:IDFM:C02086: 18/18 stations.
Combining line line:IDFM:C02087: 5/5 stations.
Combining line line:IDFM:C02088: 49/49 stations.
Combining line line:IDFM:C02089: 15/15 stations.
Combining line line:IDFM:C02090: 21/21 stations.
Combining line line:IDFM:C02091: 21/21 stations.
Combining line line:IDFM:C02092: 38/38 stations.
Combining line line:IDFM:C02093: 33/33 stations.
Combining line line:IDFM:C02094: 26/26 stations.
Combining line line:IDFM:C02095: 9/9 stations.
Combining line line:IDFM:C02096: 24/24 stations.
Combining line line:IDFM:C02097: 19/19 stations.
Combining line line:IDFM:C02098: 30/30 stations.
Combining line line:IDFM:C02103: 9/9 stations.
Combining line line:IDFM:C02104: 6/6 stations.
Combining line line:IDFM:C02107: 16/16 stations.
Combining line line:IDFM:C02108: 24/24 stations.
Combining line line:IDFM:C02109: 15/15 stations.
Combining line line:IDFM:C02111: 16/16 stations.
Combining line line:IDFM:C02112: 12/12 stations.
Combining line line:IDFM:C02116: 21/21 stations.
Combining line line:IDFM:C02117: 18/18 stations.
Combining line line:IDFM:C02118: 26/26 stations.
Combining line line:IDFM:C02120: 25/25 stations.
Combining line line:IDFM:C02121: 25/25 stations.
Combining line line:IDFM:C02122: 10/10 stations.
Combining line line:IDFM:C02124: 34/34 stations.
Combining line line:IDFM:C02125: 14/14 stations.
Combining line line:IDFM:C02126: 5/5 stations.
Combining line line:IDFM:C02127: 5/5 stations.
Combining line line:IDFM:C02128: 7/7 stations.
Combining line line:IDFM:C02129: 41/41 stations.
Combining line line:IDFM:C02130: 32/32 stations.
Combining line line:IDFM:C02131: 24/24 stations.
Combining line line:IDFM:C02132: 32/32 stations.
Combining line line:IDFM:C02133: 13/13 stations.
Combining line line:IDFM:C02135: 23/23 stations.
Combining line line:IDFM:C02136: 26/26 stations.
Combining line line:IDFM:C02137: 25/25 stations.
Combining line line:IDFM:C02138: 29/29 stations.
Combining line line:IDFM:C02139: 11/11 stations.
Combining line line:IDFM:C02141: 12/12 stations.
Combining line line:IDFM:C02142: 14/14 stations.
Combining line line:IDFM:C02144: 20/20 stations.
Combining line line:IDFM:C02145: 24/24 stations.
Combining line line:IDFM:C02146: 8/8 stations.
Combining line line:IDFM:C02147: 7/7 stations.
Combining line line:IDFM:C02148: 9/9 stations.
Combining line line:IDFM:C02149: 29/29 stations.
Combining line line:IDFM:C02150: 16/16 stations.
Combining line line:IDFM:C02151: 9/9 stations.
Combining line line:IDFM:C02152: 24/24 stations.
Combining line line:IDFM:C02153: 19/19 stations.
Combining line line:IDFM:C02154: 13/13 stations.
Combining line line:IDFM:C02155: 29/29 stations.
Combining line line:IDFM:C02156: 16/16 stations.
Combining line line:IDFM:C02159: 37/37 stations.
Combining line line:IDFM:C02160: 33/33 stations.
Combining line line:IDFM:C02161: 13/13 stations.
Combining line line:IDFM:C02162: 11/11 stations.
Combining line line:IDFM:C02164: 8/8 stations.
Combining line line:IDFM:C02165: 7/7 stations.
Combining line line:IDFM:C02166: 7/7 stations.
Combining line line:IDFM:C02167: 11/11 stations.
Combining line line:IDFM:C02168: 14/14 stations.
Combining line line:IDFM:C02169: 20/20 stations.
Combining line line:IDFM:C02170: 5/5 stations.
Combining line line:IDFM:C02171: 4/4 stations.
Combining line line:IDFM:C02172: 8/8 stations.
Combining line line:IDFM:C02173: 8/8 stations.
Combining line line:IDFM:C02174: 11/11 stations.
Combining line line:IDFM:C02175: 10/10 stations.
Combining line line:IDFM:C02179: 2/2 stations.
Combining line line:IDFM:C02183: 17/17 stations.
Combining line line:IDFM:C02184: 23/23 stations.
Combining line line:IDFM:C02185: 25/25 stations.
Combining line line:IDFM:C02186: 25/25 stations.
Combining line line:IDFM:C02191: 26/26 stations.
Combining line line:IDFM:C02193: 18/18 stations.
Combining line line:IDFM:C02194: 37/37 stations.
Combining line line:IDFM:C02195: 12/12 stations.
Combining line line:IDFM:C02196: 26/26 stations.
Combining line line:IDFM:C02201: 19/19 stations.
Combining line line:IDFM:C02202: 29/29 stations.
Combining line line:IDFM:C02204: 7/7 stations.
Combining line line:IDFM:C02205: 19/19 stations.
Combining line line:IDFM:C02206: 24/24 stations.
Combining line line:IDFM:C02207: 15/15 stations.
Combining line line:IDFM:C02209: 11/11 stations.
Combining line line:IDFM:C02216: 29/29 stations.
Combining line line:IDFM:C02217: 30/30 stations.
Combining line line:IDFM:C02218: 9/9 stations.
Combining line line:IDFM:C02219: 18/18 stations.
Combining line line:IDFM:C02220: 2/2 stations.
Combining line line:IDFM:C02221: 19/19 stations.
Combining line line:IDFM:C02222: 15/15 stations.
Combining line line:IDFM:C02224: 19/19 stations.
Combining line line:IDFM:C02225: 28/28 stations.
Combining line line:IDFM:C02226: 29/29 stations.
Combining line line:IDFM:C02229: 29/29 stations.
Combining line line:IDFM:C02230: 24/24 stations.
Combining line line:IDFM:C02231: 13/13 stations.
Combining line line:IDFM:C02232: 21/21 stations.
Combining line line:IDFM:C02233: 5/5 stations.
Combining line line:IDFM:C02234: 9/9 stations.
Combining line line:IDFM:C02235: 4/4 stations.
Combining line line:IDFM:C02236: 15/15 stations.
Combining line line:IDFM:C02237: 17/17 stations.
Combining line line:IDFM:C02239: 34/34 stations.
Combining line line:IDFM:C02240: 24/24 stations.
Combining line line:IDFM:C02243: 13/13 stations.
Combining line line:IDFM:C02244: 44/44 stations.
Combining line line:IDFM:C02245: 31/31 stations.
Combining line line:IDFM:C02246: 40/40 stations.
Combining line line:IDFM:C02248: 2/2 stations.
Combining line line:IDFM:C02249: 6/6 stations.
Combining line line:IDFM:C02251: 23/23 stations.
Combining line line:IDFM:C02252: 31/31 stations.
Combining line line:IDFM:C02254: 35/35 stations.
Combining line line:IDFM:C02255: 17/17 stations.
Combining line line:IDFM:C02257: 18/18 stations.
Combining line line:IDFM:C02258: 10/10 stations.
Combining line line:IDFM:C02260: 39/39 stations.
Combining line line:IDFM:C02264: 22/22 stations.
Combining line line:IDFM:C02265: 38/38 stations.
Combining line line:IDFM:C02266: 24/24 stations.
Combining line line:IDFM:C02267: 32/32 stations.
Combining line line:IDFM:C02269: 3/3 stations.
Combining line line:IDFM:C02270: 17/17 stations.
Combining line line:IDFM:C02271: 6/6 stations.
Combining line line:IDFM:C02272: 10/10 stations.
Combining line line:IDFM:C02273: 25/25 stations.
Combining line line:IDFM:C02274: 10/10 stations.
Combining line line:IDFM:C02275: 10/10 stations.
Combining line line:IDFM:C02276: 16/16 stations.
Combining line line:IDFM:C02277: 25/25 stations.
Combining line line:IDFM:C02278: 31/31 stations.
Combining line line:IDFM:C02279: 25/25 stations.
Combining line line:IDFM:C02280: 9/9 stations.
Combining line line:IDFM:C02281: 11/11 stations.
Combining line line:IDFM:C02282: 10/10 stations.
Combining line line:IDFM:C02283: 30/30 stations.
Combining line line:IDFM:C02284: 24/24 stations.
Combining line line:IDFM:C02286: 12/12 stations.
Combining line line:IDFM:C02287: 5/5 stations.
Combining line line:IDFM:C02288: 29/29 stations.
Combining line line:IDFM:C02289: 10/10 stations.
Combining line line:IDFM:C02290: 23/23 stations.
Combining line line:IDFM:C02291: 16/16 stations.
Combining line line:IDFM:C02293: 12/12 stations.
Combining line line:IDFM:C02294: 14/15 stations.
Combining line line:IDFM:C02295: 5/5 stations.
Combining line line:IDFM:C02296: 11/11 stations.
Combining line line:IDFM:C02297: 10/10 stations.
Combining line line:IDFM:C02298: 18/18 stations.
Combining line line:IDFM:C02300: 39/39 stations.
Combining line line:IDFM:C02301: 25/25 stations.
Combining line line:IDFM:C02304: 17/17 stations.
Combining line line:IDFM:C02307: 4/4 stations.
Combining line line:IDFM:C02311: 13/13 stations.
Combining line line:IDFM:C02313: 12/12 stations.
Combining line line:IDFM:C02314: 26/26 stations.
Combining line line:IDFM:C02316: 8/8 stations.
Combining line line:IDFM:C02317: 19/19 stations.
Combining line line:IDFM:C02318: 11/11 stations.
Combining line line:IDFM:C02344: 24/24 stations.
Combining line line:IDFM:C02351: 5/5 stations.
Combining line line:IDFM:C02355: 7/7 stations.
Combining line line:IDFM:C02360: 20/20 stations.
Combining line line:IDFM:C02361: 12/12 stations.
Combining line line:IDFM:C02365: 10/10 stations.
Combining line line:IDFM:C02366: 4/4 stations.
Combining line line:IDFM:C02368: 4/4 stations.
Combining line line:IDFM:C02370: 3/3 stations.
Combining line line:IDFM:C02372: 5/5 stations.
Combining line line:IDFM:C02375: 5/5 stations.
Combining line line:IDFM:C02382: 12/12 stations.
Combining line line:IDFM:C02383: 1/1 stations.
Combining line line:IDFM:C02387: 10/10 stations.
Combining line line:IDFM:C02389: 10/10 stations.
Combining line line:IDFM:C02390: 16/16 stations.
Combining line line:IDFM:C02393: 12/12 stations.
Combining line line:IDFM:C02395: 16/16 stations.
Combining line line:IDFM:C02396: 18/18 stations.
Combining line line:IDFM:C02397: 6/6 stations.
Combining line line:IDFM:C02398: 7/7 stations.
Combining line line:IDFM:C02399: 25/25 stations.
Combining line line:IDFM:C02400: 15/15 stations.
Combining line line:IDFM:C02401: 31/31 stations.
Combining line line:IDFM:C02404: 15/15 stations.
Combining line line:IDFM:C02413: 19/19 stations.
Combining line line:IDFM:C02414: 11/11 stations.
Combining line line:IDFM:C02418: 11/11 stations.
Combining line line:IDFM:C02422: 19/19 stations.
Combining line line:IDFM:C02423: 7/7 stations.
Combining line line:IDFM:C02425: 15/15 stations.
Combining line line:IDFM:C02426: 12/12 stations.
Combining line line:IDFM:C02427: 10/10 stations.
Combining line line:IDFM:C02428: 11/11 stations.
Combining line line:IDFM:C02429: 14/14 stations.
Combining line line:IDFM:C02430: 7/7 stations.
Combining line line:IDFM:C02431: 14/15 stations.
Combining line line:IDFM:C02432: 21/21 stations.
Combining line line:IDFM:C02433: 17/18 stations.
Combining line line:IDFM:C02435: 29/29 stations.
Combining line line:IDFM:C02436: 38/38 stations.
Combining line line:IDFM:C02437: 23/23 stations.
Combining line line:IDFM:C02439: 8/8 stations.
Combining line line:IDFM:C02440: 6/6 stations.
Combining line line:IDFM:C02441: 30/30 stations.
Combining line line:IDFM:C02443: 29/29 stations.
Combining line line:IDFM:C02444: 45/45 stations.
Combining line line:IDFM:C02446: 43/43 stations.
Combining line line:IDFM:C02448: 13/13 stations.
Combining line line:IDFM:C02449: 19/19 stations.
Combining line line:IDFM:C02450: 19/19 stations.
Combining line line:IDFM:C02451: 12/12 stations.
Combining line line:IDFM:C02452: 18/18 stations.
Combining line line:IDFM:C02453: 2/2 stations.
Combining line line:IDFM:C02455: 11/11 stations.
Combining line line:IDFM:C02456: 19/19 stations.
Combining line line:IDFM:C02458: 6/6 stations.
Combining line line:IDFM:C02459: 19/19 stations.
Combining line line:IDFM:C02460: 1/1 stations.
Combining line line:IDFM:C02461: 26/26 stations.
Combining line line:IDFM:C02462: 26/26 stations.
Combining line line:IDFM:C02463: 29/29 stations.
Combining line line:IDFM:C02464: 48/48 stations.
Combining line line:IDFM:C02465: 22/22 stations.
Combining line line:IDFM:C02466: 17/17 stations.
Combining line line:IDFM:C02467: 28/28 stations.
Combining line line:IDFM:C02468: 25/25 stations.
Combining line line:IDFM:C02469: 12/12 stations.
Combining line line:IDFM:C02470: 27/27 stations.
Combining line line:IDFM:C02471: 3/3 stations.
Combining line line:IDFM:C02472: 20/20 stations.
Combining line line:IDFM:C02473: 20/20 stations.
Combining line line:IDFM:C02474: 34/34 stations.
Combining line line:IDFM:C02476: 21/21 stations.
Combining line line:IDFM:C02478: 21/21 stations.
Combining line line:IDFM:C02479: 19/19 stations.
Combining line line:IDFM:C02480: 19/19 stations.
Combining line line:IDFM:C02481: 15/15 stations.
Combining line line:IDFM:C02482: 10/10 stations.
Combining line line:IDFM:C02485: 22/22 stations.
Combining line line:IDFM:C02486: 2/2 stations.
Combining line line:IDFM:C02489: 11/11 stations.
Combining line line:IDFM:C02490: 14/14 stations.
Combining line line:IDFM:C02491: 34/34 stations.
Combining line line:IDFM:C02493: 5/5 stations.
Combining line line:IDFM:C02495: 33/33 stations.
Combining line line:IDFM:C02496: 31/31 stations.
Combining line line:IDFM:C02497: 17/17 stations.
Combining line line:IDFM:C02498: 16/16 stations.
Combining line line:IDFM:C02499: 15/15 stations.
Combining line line:IDFM:C02500: 11/11 stations.
Combining line line:IDFM:C02501: 8/8 stations.
Combining line line:IDFM:C02502: 12/12 stations.
Combining line line:IDFM:C02503: 6/6 stations.
Combining line line:IDFM:C02508: 12/12 stations.
Combining line line:IDFM:C02511: 9/9 stations.
Combining line line:IDFM:C02513: 32/32 stations.
Combining line line:IDFM:C02517: 19/19 stations.
Combining line line:IDFM:C02518: 8/8 stations.
Combining line line:IDFM:C02519: 5/5 stations.
Combining line line:IDFM:C02520: 14/14 stations.
Combining line line:IDFM:C02521: 17/17 stations.
Combining line line:IDFM:C02522: 2/2 stations.
Combining line line:IDFM:C02523: 1/1 stations.
Combining line line:IDFM:C02524: 2/2 stations.
Combining line line:IDFM:C02526: 12/12 stations.
Combining line line:IDFM:C02528: 13/13 stations.
Combining line line:IDFM:C02529: 32/32 stations.
Combining line line:IDFM:C02534: 5/5 stations.
Combining line line:IDFM:C02536: 15/15 stations.
Combining line line:IDFM:C02537: 20/20 stations.
Combining line line:IDFM:C02538: 17/17 stations.
Combining line line:IDFM:C02539: 15/15 stations.
Combining line line:IDFM:C02540: 8/8 stations.
Combining line line:IDFM:C02541: 17/17 stations.
Combining line line:IDFM:C02542: 10/10 stations.
Combining line line:IDFM:C02543: 15/15 stations.
Combining line line:IDFM:C02544: 31/31 stations.
Combining line line:IDFM:C02545: 17/17 stations.
Combining line line:IDFM:C02547: 17/17 stations.
Combining line line:IDFM:C02548: 18/18 stations.
Combining line line:IDFM:C02549: 19/19 stations.
Combining line line:IDFM:C02550: 3/3 stations.
Combining line line:IDFM:C02551: 12/12 stations.
Combining line line:IDFM:C02552: 8/9 stations.
Combining line line:IDFM:C02553: 9/9 stations.
Combining line line:IDFM:C02554: 9/9 stations.
Combining line line:IDFM:C02555: 41/41 stations.
Combining line line:IDFM:C02556: 25/25 stations.
Combining line line:IDFM:C02557: 26/26 stations.
Combining line line:IDFM:C02558: 23/23 stations.
Combining line line:IDFM:C02559: 38/38 stations.
Combining line line:IDFM:C02560: 31/31 stations.
Combining line line:IDFM:C02561: 18/18 stations.
Combining line line:IDFM:C02562: 25/25 stations.
Combining line line:IDFM:C02563: 11/11 stations.
Combining line line:IDFM:C02564: 22/22 stations.
Combining line line:IDFM:C02565: 22/22 stations.
Combining line line:IDFM:C02566: 26/26 stations.
Combining line line:IDFM:C02567: 12/12 stations.
Combining line line:IDFM:C02568: 25/25 stations.
Combining line line:IDFM:C02569: 22/22 stations.
Combining line line:IDFM:C02570: 17/17 stations.
Combining line line:IDFM:C02571: 14/14 stations.
Combining line line:IDFM:C02580: 17/17 stations.
Combining line line:IDFM:C02581: 9/9 stations.
Combining line line:IDFM:C02584: 40/40 stations.
Combining line line:IDFM:C02585: 26/27 stations.
Combining line line:IDFM:C02587: 31/31 stations.
Combining line line:IDFM:C02588: 29/29 stations.
Combining line line:IDFM:C02589: 39/39 stations.
Combining line line:IDFM:C02590: 8/8 stations.
Combining line line:IDFM:C02591: 19/19 stations.
Combining line line:IDFM:C02594: 14/14 stations.
Combining line line:IDFM:C02595: 59/59 stations.
Combining line line:IDFM:C02596: 24/24 stations.
Combining line line:IDFM:C02597: 9/9 stations.
Combining line line:IDFM:C02598: 11/11 stations.
Combining line line:IDFM:C02599: 30/30 stations.
Combining line line:IDFM:C02600: 11/11 stations.
Combining line line:IDFM:C02601: 16/16 stations.
Combining line line:IDFM:C02602: 13/13 stations.
Combining line line:IDFM:C02603: 29/29 stations.
Combining line line:IDFM:C02604: 18/18 stations.
Combining line line:IDFM:C02605: 26/26 stations.
Combining line line:IDFM:C02607: 15/15 stations.
Combining line line:IDFM:C02608: 14/14 stations.
Combining line line:IDFM:C02609: 12/12 stations.
Combining line line:IDFM:C02610: 7/7 stations.
Combining line line:IDFM:C02612: 7/7 stations.
Combining line line:IDFM:C02615: 13/13 stations.
Combining line line:IDFM:C02616: 13/13 stations.
Combining line line:IDFM:C02617: 24/24 stations.
Combining line line:IDFM:C02618: 7/7 stations.
Combining line line:IDFM:C02619: 36/36 stations.
Combining line line:IDFM:C02620: 12/12 stations.
Combining line line:IDFM:C02621: 11/11 stations.
Combining line line:IDFM:C02622: 7/7 stations.
Combining line line:IDFM:C02624: 11/11 stations.
Combining line line:IDFM:C02625: 12/12 stations.
Combining line line:IDFM:C02626: 27/27 stations.
Combining line line:IDFM:C02627: 24/24 stations.
Combining line line:IDFM:C02628: 27/27 stations.
Combining line line:IDFM:C02629: 26/26 stations.
Combining line line:IDFM:C02630: 16/16 stations.
Combining line line:IDFM:C02631: 13/13 stations.
Combining line line:IDFM:C02632: 6/6 stations.
Combining line line:IDFM:C02634: 26/26 stations.
Combining line line:IDFM:C02635: 19/19 stations.
Combining line line:IDFM:C02636: 30/30 stations.
Combining line line:IDFM:C02637: 23/23 stations.
Combining line line:IDFM:C02638: 30/30 stations.
Combining line line:IDFM:C02640: 1/1 stations.
Combining line line:IDFM:C02641: 1/1 stations.
Combining line line:IDFM:C02642: 19/19 stations.
Combining line line:IDFM:C02644: 32/32 stations.
Combining line line:IDFM:C02659: 20/20 stations.
Combining line line:IDFM:C02661: 1/1 stations.
Combining line line:IDFM:C02662: 7/7 stations.
Combining line line:IDFM:C02663: 5/5 stations.
Combining line line:IDFM:C02664: 12/12 stations.
Combining line line:IDFM:C02665: 59/59 stations.
Combining line line:IDFM:C02666: 10/10 stations.
Combining line line:IDFM:C02667: 31/31 stations.
Combining line line:IDFM:C02668: 10/10 stations.
Combining line line:IDFM:C02669: 4/4 stations.
Combining line line:IDFM:C02670: 18/18 stations.
Combining line line:IDFM:C02671: 11/11 stations.
Combining line line:IDFM:C02672: 8/8 stations.
Combining line line:IDFM:C02673: 32/32 stations.
Combining line line:IDFM:C02674: 4/4 stations.
Combining line line:IDFM:C02675: 29/29 stations.
Combining line line:IDFM:C02676: 6/6 stations.
Combining line line:IDFM:C02680: 7/7 stations.
Combining line line:IDFM:C02681: 8/8 stations.
Combining line line:IDFM:C02682: 3/3 stations.
Combining line line:IDFM:C02683: 14/14 stations.
Combining line line:IDFM:C02684: 7/7 stations.
Combining line line:IDFM:C02685: 11/11 stations.
Combining line line:IDFM:C02686: 24/24 stations.
Combining line line:IDFM:C02687: 22/22 stations.
Combining line line:IDFM:C02688: 56/56 stations.
Combining line line:IDFM:C02689: 30/30 stations.
Combining line line:IDFM:C02690: 16/16 stations.
Combining line line:IDFM:C02691: 28/28 stations.
Combining line line:IDFM:C02692: 11/11 stations.
Combining line line:IDFM:C02693: 5/5 stations.
Combining line line:IDFM:C02694: 11/11 stations.
Combining line line:IDFM:C02695: 7/7 stations.
Combining line line:IDFM:C02696: 20/20 stations.
Combining line line:IDFM:C02697: 6/6 stations.
Combining line line:IDFM:C02698: 28/28 stations.
Combining line line:IDFM:C02699: 42/42 stations.
Combining line line:IDFM:C02700: 31/31 stations.
Combining line line:IDFM:C02701: 12/12 stations.
Combining line line:IDFM:C02702: 17/17 stations.
Combining line line:IDFM:C02703: 9/9 stations.
Combining line line:IDFM:C02704: 37/37 stations.
Combining line line:IDFM:C02705: 31/31 stations.
Combining line line:IDFM:C02706: 11/11 stations.
Combining line line:IDFM:C02707: 13/13 stations.
Combining line line:IDFM:C02708: 13/13 stations.
Combining line line:IDFM:C02709: 7/7 stations.
Combining line line:IDFM:C02711: 7/7 stations.
Combining line line:IDFM:C02712: 7/7 stations.
Combining line line:IDFM:C02713: 32/32 stations.
Combining line line:IDFM:C02714: 19/19 stations.
Combining line line:IDFM:C02715: 14/14 stations.
Combining line line:IDFM:C02716: 8/8 stations.
Combining line line:IDFM:C02720: 8/8 stations.
Combining line line:IDFM:C02721: 37/37 stations.
Combining line line:IDFM:C02723: 2/2 stations.
Combining line line:IDFM:C02724: 16/16 stations.
Combining line line:IDFM:C02725: 15/15 stations.
Combining line line:IDFM:C02726: 37/37 stations.
Combining line line:IDFM:C02727: 15/15 stations.
Combining line line:IDFM:C02728: 26/26 stations.
Combining line line:IDFM:C02730: 25/25 stations.
Combining line line:IDFM:C02731: 26/26 stations.
Combining line line:IDFM:C02732: 5/5 stations.
Combining line line:IDFM:C02735: 16/16 stations.
Combining line line:IDFM:C02736: 9/9 stations.
Combining line line:IDFM:C02737: 10/10 stations.
Combining line line:IDFM:C02738: 7/7 stations.
Combining line line:IDFM:C02739: 17/17 stations.
Combining line line:IDFM:C02740: 12/12 stations.
Combining line line:IDFM:C02741: 17/17 stations.
Combining line line:IDFM:C02742: 26/26 stations.
Combining line line:IDFM:C02744: 36/36 stations.
Combining line line:IDFM:C02745: 14/14 stations.
Combining line line:IDFM:C02750: 24/24 stations.
Combining line line:IDFM:C02768: 16/16 stations.
Combining line line:IDFM:C02769: 18/18 stations.
Combining line line:IDFM:C02770: 11/11 stations.
Combining line line:IDFM:C02771: 13/13 stations.
Combining line line:IDFM:C02772: 2/2 stations.
Combining line line:IDFM:C02773: 11/11 stations.
Combining line line:IDFM:C02774: 10/10 stations.
Combining line line:IDFM:C02775: 18/18 stations.
Combining line line:IDFM:C02782: 14/14 stations.
Combining line line:IDFM:C02795: 11/11 stations.
Combining line line:IDFM:C02797: 23/23 stations.
Combining line line:IDFM:C02798: 11/11 stations.
Combining line line:IDFM:C02799: 12/12 stations.
Combining line line:IDFM:C02800: 29/29 stations.
Combining line line:IDFM:C02801: 11/11 stations.
Combining line line:IDFM:C02802: 24/24 stations.
Combining line line:IDFM:C02803: 27/27 stations.
Combining line line:IDFM:C02804: 10/10 stations.
Combining line line:IDFM:C02805: 17/17 stations.
Combining line line:IDFM:C02806: 34/34 stations.
Combining line line:IDFM:C02807: 13/13 stations.
Combining line line:IDFM:C02809: 18/18 stations.
Combining line line:IDFM:C02810: 13/13 stations.
Combining line line:IDFM:C02811: 20/20 stations.
Combining line line:IDFM:C02812: 9/9 stations.
Combining line line:IDFM:C02813: 8/8 stations.
Combining line line:IDFM:C02814: 21/21 stations.
Combining line line:IDFM:C02815: 23/23 stations.
Combining line line:IDFM:C02816: 12/12 stations.
Combining line line:IDFM:C02817: 13/13 stations.
Combining line line:IDFM:C02818: 7/7 stations.
Combining line line:IDFM:C02820: 26/26 stations.
Combining line line:IDFM:C02821: 35/35 stations.
Combining line line:IDFM:C02822: 50/50 stations.
Combining line line:IDFM:C02823: 13/13 stations.
Combining line line:IDFM:C02824: 31/31 stations.
Combining line line:IDFM:C02825: 16/16 stations.
Combining line line:IDFM:C02826: 14/14 stations.
Combining line line:IDFM:C02827: 15/15 stations.
Combining line line:IDFM:C02829: 15/15 stations.
Combining line line:IDFM:C02830: 13/13 stations.
Combining line line:IDFM:C02831: 10/10 stations.
Combining line line:IDFM:C02832: 9/9 stations.
Combining line line:IDFM:C02834: 10/10 stations.
Combining line line:IDFM:C02835: 11/11 stations.
Combining line line:IDFM:C02852: 15/15 stations.
Combining line line:IDFM:C02853: 25/25 stations.
Combining mode BUS: 29033/29052 stations.
Union BUS: verified union cache reused
Combining mode CABLE: 12/12 stations.
Combining mode METRO: 405/405 stations.
Combining mode NOCTILIEN: 1990/1990 stations.
Union NOCTILIEN: origins 1-128/1908, 5 min
Union NOCTILIEN: origins 257-384/1908, 30 min
Union NOCTILIEN: origins 769-896/1908, 5 min
Union NOCTILIEN: origins 1153-1280/1908, 20 min
Union NOCTILIEN: origins 1537-1664/1908, 20 min
Union NOCTILIEN: merge 10 min, level 0, batch 1/1
Union NOCTILIEN: completed in 6.3s; union checkpoint saved
Combining mode RER: 242/242 stations.
Combining mode TRAIN: 68/68 stations.
Combining mode TRAM: 303/303 stations.
Combining mode TRANSILIEN: 236/236 stations.
Published C:\Users\franc\AndroidStudioProjects\VibeIDFM\idfm-node-backend\public\data\isochrones\walking-isochrones.zip (96.02 MiB). Partial coverage; rerun to resume.
